{
"version":3,
"rel_path":"in_game/common/advances/f.txt",
"defs":[
{"name":"maona_advance","kind":"advance","file":"in_game/common/advances/f.txt","offset":81,"end_offset":94,"params":[]}
],
"aliases":[],
"refs":[
{"kind":"age","name":"age_1_traditions","file":"testdata/eu5/advance.txt","start":106,"end":122},
{"kind":"country","name":"GEN","file":"testdata/eu5/advance.txt","start":155,"end":158},
{"kind":"subject_type","name":"maona","file":"testdata/eu5/advance.txt","start":184,"end":189},
{"kind":"advance","name":"guilds","file":"testdata/eu5/advance.txt","start":202,"end":208}
],
"constants":[],
"constant_refs":[],
"calls":[]
}
{
"version":3,
"rel_path":"in_game/common/government_reforms/f.txt",
"defs":[
{"name":"maona_advance","kind":"government_reform","file":"in_game/common/government_reforms/f.txt","offset":81,"end_offset":94,"params":[]}
],
"aliases":[],
"refs":[
{"kind":"age","name":"age_1_traditions","file":"testdata/eu5/advance.txt","start":106,"end":122},
{"kind":"country","name":"GEN","file":"testdata/eu5/advance.txt","start":155,"end":158},
{"kind":"subject_type","name":"maona","file":"testdata/eu5/advance.txt","start":184,"end":189}
],
"constants":[],
"constant_refs":[],
"calls":[]
}
{
"version":3,
"rel_path":"in_game/common/international_organizations/f.txt",
"defs":[
{"name":"maona_advance","kind":"international_organization","file":"in_game/common/international_organizations/f.txt","offset":81,"end_offset":94,"params":[]}
],
"aliases":[],
"refs":[
{"kind":"country","name":"GEN","file":"testdata/eu5/advance.txt","start":155,"end":158},
{"kind":"subject_type","name":"maona","file":"testdata/eu5/advance.txt","start":184,"end":189}
],
"constants":[],
"constant_refs":[],
"calls":[]
}
{
"version":3,
"rel_path":"in_game/common/international_organization_special_statuses/f.txt",
"defs":[
{"name":"maona_advance","kind":"special_status","file":"in_game/common/international_organization_special_statuses/f.txt","offset":81,"end_offset":94,"params":[]}
],
"aliases":[],
"refs":[
{"kind":"country","name":"GEN","file":"testdata/eu5/advance.txt","start":155,"end":158},
{"kind":"subject_type","name":"maona","file":"testdata/eu5/advance.txt","start":184,"end":189}
],
"constants":[],
"constant_refs":[],
"calls":[]
}
{
"version":3,
"rel_path":"in_game/common/parliament_types/f.txt",
"defs":[
{"name":"maona_advance","kind":"parliament_type","file":"in_game/common/parliament_types/f.txt","offset":81,"end_offset":94,"params":[]}
],
"aliases":[],
"refs":[
{"kind":"country","name":"GEN","file":"testdata/eu5/advance.txt","start":155,"end":158},
{"kind":"subject_type","name":"maona","file":"testdata/eu5/advance.txt","start":184,"end":189}
],
"constants":[],
"constant_refs":[],
"calls":[]
}
{
"version":3,
"rel_path":"in_game/common/subject_types/f.txt",
"defs":[
{"name":"maona_advance","kind":"subject_type","file":"in_game/common/subject_types/f.txt","offset":81,"end_offset":94,"params":[]}
],
"aliases":[],
"refs":[
{"kind":"country","name":"GEN","file":"testdata/eu5/advance.txt","start":155,"end":158},
{"kind":"subject_type","name":"maona","file":"testdata/eu5/advance.txt","start":184,"end":189}
],
"constants":[],
"constant_refs":[],
"calls":[]
}
{
"version":3,
"rel_path":"in_game/common/situations/f.txt",
"defs":[
{"name":"maona_advance","kind":"situation","file":"in_game/common/situations/f.txt","offset":81,"end_offset":94,"params":[]}
],
"aliases":[],
"refs":[
{"kind":"country","name":"GEN","file":"testdata/eu5/advance.txt","start":155,"end":158},
{"kind":"subject_type","name":"maona","file":"testdata/eu5/advance.txt","start":184,"end":189}
],
"constants":[],
"constant_refs":[],
"calls":[]
}
{
"version":3,
"rel_path":"in_game/events/f.txt",
"defs":[
{"name":"maona_advance","kind":"event","file":"in_game/events/f.txt","offset":81,"end_offset":94,"params":[]}
],
"aliases":[],
"refs":[
{"kind":"country","name":"GEN","file":"testdata/eu5/advance.txt","start":155,"end":158},
{"kind":"subject_type","name":"maona","file":"testdata/eu5/advance.txt","start":184,"end":189}
],
"constants":[],
"constant_refs":[],
"calls":[]
}
{
"version":3,
"rel_path":"main_menu/common/named_colors/f.txt",
"defs":[],
"aliases":[],
"refs":[
{"kind":"country","name":"GEN","file":"testdata/eu5/advance.txt","start":155,"end":158},
{"kind":"subject_type","name":"maona","file":"testdata/eu5/advance.txt","start":184,"end":189}
],
"constants":[],
"constant_refs":[],
"calls":[]
}
{
"version":3,
"rel_path":"gfx/f.txt",
"defs":[],
"aliases":[],
"refs":[
{"kind":"country","name":"GEN","file":"testdata/eu5/advance.txt","start":155,"end":158},
{"kind":"subject_type","name":"maona","file":"testdata/eu5/advance.txt","start":184,"end":189}
],
"constants":[],
"constant_refs":[],
"calls":[]
}
