{
"version":3,
"rel_path":"in_game/common/advances/f.txt",
"defs":[
{"name":"maona_charter","kind":"advance","file":"in_game/common/advances/f.txt","offset":3,"end_offset":16,"params":[]}
],
"aliases":[],
"refs":[
{"kind":"government_reform","name":"maona_charter","file":"testdata/eu5/government_reform.txt","start":70,"end":83}
],
"constants":[],
"constant_refs":[],
"calls":[]
}
{
"version":3,
"rel_path":"in_game/common/government_reforms/f.txt",
"defs":[
{"name":"maona_charter","kind":"government_reform","file":"in_game/common/government_reforms/f.txt","offset":3,"end_offset":16,"params":[]}
],
"aliases":[],
"refs":[
{"kind":"government_reform","name":"maona_charter","file":"testdata/eu5/government_reform.txt","start":70,"end":83}
],
"constants":[],
"constant_refs":[],
"calls":[]
}
{
"version":3,
"rel_path":"in_game/common/international_organizations/f.txt",
"defs":[
{"name":"maona_charter","kind":"international_organization","file":"in_game/common/international_organizations/f.txt","offset":3,"end_offset":16,"params":[]}
],
"aliases":[],
"refs":[
{"kind":"government_reform","name":"maona_charter","file":"testdata/eu5/government_reform.txt","start":70,"end":83}
],
"constants":[],
"constant_refs":[],
"calls":[]
}
{
"version":3,
"rel_path":"in_game/common/international_organization_special_statuses/f.txt",
"defs":[
{"name":"maona_charter","kind":"special_status","file":"in_game/common/international_organization_special_statuses/f.txt","offset":3,"end_offset":16,"params":[]}
],
"aliases":[],
"refs":[
{"kind":"government_reform","name":"maona_charter","file":"testdata/eu5/government_reform.txt","start":70,"end":83}
],
"constants":[],
"constant_refs":[],
"calls":[]
}
{
"version":3,
"rel_path":"in_game/common/parliament_types/f.txt",
"defs":[
{"name":"maona_charter","kind":"parliament_type","file":"in_game/common/parliament_types/f.txt","offset":3,"end_offset":16,"params":[]}
],
"aliases":[],
"refs":[
{"kind":"government_reform","name":"maona_charter","file":"testdata/eu5/government_reform.txt","start":70,"end":83}
],
"constants":[],
"constant_refs":[],
"calls":[]
}
{
"version":3,
"rel_path":"in_game/common/subject_types/f.txt",
"defs":[
{"name":"maona_charter","kind":"subject_type","file":"in_game/common/subject_types/f.txt","offset":3,"end_offset":16,"params":[]}
],
"aliases":[],
"refs":[
{"kind":"government_reform","name":"maona_charter","file":"testdata/eu5/government_reform.txt","start":70,"end":83}
],
"constants":[],
"constant_refs":[],
"calls":[]
}
{
"version":3,
"rel_path":"in_game/common/situations/f.txt",
"defs":[
{"name":"maona_charter","kind":"situation","file":"in_game/common/situations/f.txt","offset":3,"end_offset":16,"params":[]}
],
"aliases":[],
"refs":[
{"kind":"government_reform","name":"maona_charter","file":"testdata/eu5/government_reform.txt","start":70,"end":83}
],
"constants":[],
"constant_refs":[],
"calls":[]
}
{
"version":3,
"rel_path":"in_game/events/f.txt",
"defs":[
{"name":"maona_charter","kind":"event","file":"in_game/events/f.txt","offset":3,"end_offset":16,"params":[]}
],
"aliases":[],
"refs":[
{"kind":"government_reform","name":"maona_charter","file":"testdata/eu5/government_reform.txt","start":70,"end":83}
],
"constants":[],
"constant_refs":[],
"calls":[]
}
{
"version":3,
"rel_path":"main_menu/common/named_colors/f.txt",
"defs":[],
"aliases":[],
"refs":[
{"kind":"government_reform","name":"maona_charter","file":"testdata/eu5/government_reform.txt","start":70,"end":83}
],
"constants":[],
"constant_refs":[],
"calls":[]
}
{
"version":3,
"rel_path":"gfx/f.txt",
"defs":[],
"aliases":[],
"refs":[
{"kind":"government_reform","name":"maona_charter","file":"testdata/eu5/government_reform.txt","start":70,"end":83}
],
"constants":[],
"constant_refs":[],
"calls":[]
}
