{
"version":3,
"rel_path":"in_game/common/advances/f.txt",
"defs":[
{"name":"international_organization_manager","kind":"advance","file":"in_game/common/advances/f.txt","offset":0,"end_offset":34,"params":[]}
],
"aliases":[],
"refs":[],
"constants":[],
"constant_refs":[],
"calls":[]
}
{
"version":3,
"rel_path":"in_game/common/government_reforms/f.txt",
"defs":[
{"name":"international_organization_manager","kind":"government_reform","file":"in_game/common/government_reforms/f.txt","offset":0,"end_offset":34,"params":[]}
],
"aliases":[],
"refs":[],
"constants":[],
"constant_refs":[],
"calls":[]
}
{
"version":3,
"rel_path":"in_game/common/international_organizations/f.txt",
"defs":[
{"name":"international_organization_manager","kind":"international_organization","file":"in_game/common/international_organizations/f.txt","offset":0,"end_offset":34,"params":[]}
],
"aliases":[],
"refs":[],
"constants":[],
"constant_refs":[],
"calls":[]
}
{
"version":3,
"rel_path":"in_game/common/international_organization_special_statuses/f.txt",
"defs":[
{"name":"international_organization_manager","kind":"special_status","file":"in_game/common/international_organization_special_statuses/f.txt","offset":0,"end_offset":34,"params":[]}
],
"aliases":[],
"refs":[],
"constants":[],
"constant_refs":[],
"calls":[]
}
{
"version":3,
"rel_path":"in_game/common/parliament_types/f.txt",
"defs":[
{"name":"international_organization_manager","kind":"parliament_type","file":"in_game/common/parliament_types/f.txt","offset":0,"end_offset":34,"params":[]}
],
"aliases":[],
"refs":[],
"constants":[],
"constant_refs":[],
"calls":[]
}
{
"version":3,
"rel_path":"in_game/common/subject_types/f.txt",
"defs":[
{"name":"international_organization_manager","kind":"subject_type","file":"in_game/common/subject_types/f.txt","offset":0,"end_offset":34,"params":[]}
],
"aliases":[],
"refs":[],
"constants":[],
"constant_refs":[],
"calls":[]
}
{
"version":3,
"rel_path":"in_game/common/situations/f.txt",
"defs":[
{"name":"international_organization_manager","kind":"situation","file":"in_game/common/situations/f.txt","offset":0,"end_offset":34,"params":[]}
],
"aliases":[],
"refs":[],
"constants":[],
"constant_refs":[],
"calls":[]
}
{
"version":3,
"rel_path":"in_game/events/f.txt",
"defs":[
{"name":"international_organization_manager","kind":"event","file":"in_game/events/f.txt","offset":0,"end_offset":34,"params":[]}
],
"aliases":[],
"refs":[],
"constants":[],
"constant_refs":[],
"calls":[]
}
{
"version":3,
"rel_path":"main_menu/common/named_colors/f.txt",
"defs":[],
"aliases":[],
"refs":[],
"constants":[],
"constant_refs":[],
"calls":[]
}
{
"version":3,
"rel_path":"gfx/f.txt",
"defs":[],
"aliases":[],
"refs":[],
"constants":[],
"constant_refs":[],
"calls":[]
}
