{
"version":3,
"rel_path":"in_game/common/advances/f.txt",
"defs":[
{"name":"cci_superba_can_participate_in_parliament","kind":"advance","file":"in_game/common/advances/f.txt","offset":774,"end_offset":815,"params":[]},
{"name":"cci_superba_agenda_impact","kind":"advance","file":"in_game/common/advances/f.txt","offset":887,"end_offset":912,"params":[]},
{"name":"cci_ghazaria_can_participate_in_parliament","kind":"advance","file":"in_game/common/advances/f.txt","offset":984,"end_offset":1026,"params":[]},
{"name":"cci_ghazaria_agenda_impact","kind":"advance","file":"in_game/common/advances/f.txt","offset":1098,"end_offset":1124,"params":[]},
{"name":"cci_state_bank_can_participate_in_parliament","kind":"advance","file":"in_game/common/advances/f.txt","offset":1196,"end_offset":1240,"params":[]},
{"name":"cci_state_bank_agenda_impact","kind":"advance","file":"in_game/common/advances/f.txt","offset":1312,"end_offset":1340,"params":[]},
{"name":"cci_maona_can_participate_in_parliament","kind":"advance","file":"in_game/common/advances/f.txt","offset":1412,"end_offset":1451,"params":[]},
{"name":"cci_maona_agenda_impact","kind":"advance","file":"in_game/common/advances/f.txt","offset":1523,"end_offset":1546,"params":[]}
],
"aliases":[],
"refs":[],
"constants":[],
"constant_refs":[],
"calls":[]
}
{
"version":3,
"rel_path":"in_game/common/government_reforms/f.txt",
"defs":[
{"name":"cci_superba_can_participate_in_parliament","kind":"government_reform","file":"in_game/common/government_reforms/f.txt","offset":774,"end_offset":815,"params":[]},
{"name":"cci_superba_agenda_impact","kind":"government_reform","file":"in_game/common/government_reforms/f.txt","offset":887,"end_offset":912,"params":[]},
{"name":"cci_ghazaria_can_participate_in_parliament","kind":"government_reform","file":"in_game/common/government_reforms/f.txt","offset":984,"end_offset":1026,"params":[]},
{"name":"cci_ghazaria_agenda_impact","kind":"government_reform","file":"in_game/common/government_reforms/f.txt","offset":1098,"end_offset":1124,"params":[]},
{"name":"cci_state_bank_can_participate_in_parliament","kind":"government_reform","file":"in_game/common/government_reforms/f.txt","offset":1196,"end_offset":1240,"params":[]},
{"name":"cci_state_bank_agenda_impact","kind":"government_reform","file":"in_game/common/government_reforms/f.txt","offset":1312,"end_offset":1340,"params":[]},
{"name":"cci_maona_can_participate_in_parliament","kind":"government_reform","file":"in_game/common/government_reforms/f.txt","offset":1412,"end_offset":1451,"params":[]},
{"name":"cci_maona_agenda_impact","kind":"government_reform","file":"in_game/common/government_reforms/f.txt","offset":1523,"end_offset":1546,"params":[]}
],
"aliases":[],
"refs":[],
"constants":[],
"constant_refs":[],
"calls":[]
}
{
"version":3,
"rel_path":"in_game/common/international_organizations/f.txt",
"defs":[
{"name":"cci_superba_can_participate_in_parliament","kind":"international_organization","file":"in_game/common/international_organizations/f.txt","offset":774,"end_offset":815,"params":[]},
{"name":"cci_superba_agenda_impact","kind":"international_organization","file":"in_game/common/international_organizations/f.txt","offset":887,"end_offset":912,"params":[]},
{"name":"cci_ghazaria_can_participate_in_parliament","kind":"international_organization","file":"in_game/common/international_organizations/f.txt","offset":984,"end_offset":1026,"params":[]},
{"name":"cci_ghazaria_agenda_impact","kind":"international_organization","file":"in_game/common/international_organizations/f.txt","offset":1098,"end_offset":1124,"params":[]},
{"name":"cci_state_bank_can_participate_in_parliament","kind":"international_organization","file":"in_game/common/international_organizations/f.txt","offset":1196,"end_offset":1240,"params":[]},
{"name":"cci_state_bank_agenda_impact","kind":"international_organization","file":"in_game/common/international_organizations/f.txt","offset":1312,"end_offset":1340,"params":[]},
{"name":"cci_maona_can_participate_in_parliament","kind":"international_organization","file":"in_game/common/international_organizations/f.txt","offset":1412,"end_offset":1451,"params":[]},
{"name":"cci_maona_agenda_impact","kind":"international_organization","file":"in_game/common/international_organizations/f.txt","offset":1523,"end_offset":1546,"params":[]}
],
"aliases":[],
"refs":[],
"constants":[],
"constant_refs":[],
"calls":[]
}
{
"version":3,
"rel_path":"in_game/common/international_organization_special_statuses/f.txt",
"defs":[
{"name":"cci_superba_can_participate_in_parliament","kind":"special_status","file":"in_game/common/international_organization_special_statuses/f.txt","offset":774,"end_offset":815,"params":[]},
{"name":"cci_superba_agenda_impact","kind":"special_status","file":"in_game/common/international_organization_special_statuses/f.txt","offset":887,"end_offset":912,"params":[]},
{"name":"cci_ghazaria_can_participate_in_parliament","kind":"special_status","file":"in_game/common/international_organization_special_statuses/f.txt","offset":984,"end_offset":1026,"params":[]},
{"name":"cci_ghazaria_agenda_impact","kind":"special_status","file":"in_game/common/international_organization_special_statuses/f.txt","offset":1098,"end_offset":1124,"params":[]},
{"name":"cci_state_bank_can_participate_in_parliament","kind":"special_status","file":"in_game/common/international_organization_special_statuses/f.txt","offset":1196,"end_offset":1240,"params":[]},
{"name":"cci_state_bank_agenda_impact","kind":"special_status","file":"in_game/common/international_organization_special_statuses/f.txt","offset":1312,"end_offset":1340,"params":[]},
{"name":"cci_maona_can_participate_in_parliament","kind":"special_status","file":"in_game/common/international_organization_special_statuses/f.txt","offset":1412,"end_offset":1451,"params":[]},
{"name":"cci_maona_agenda_impact","kind":"special_status","file":"in_game/common/international_organization_special_statuses/f.txt","offset":1523,"end_offset":1546,"params":[]}
],
"aliases":[],
"refs":[],
"constants":[],
"constant_refs":[],
"calls":[]
}
{
"version":3,
"rel_path":"in_game/common/parliament_types/f.txt",
"defs":[
{"name":"cci_superba_can_participate_in_parliament","kind":"parliament_type","file":"in_game/common/parliament_types/f.txt","offset":774,"end_offset":815,"params":[]},
{"name":"cci_superba_agenda_impact","kind":"parliament_type","file":"in_game/common/parliament_types/f.txt","offset":887,"end_offset":912,"params":[]},
{"name":"cci_ghazaria_can_participate_in_parliament","kind":"parliament_type","file":"in_game/common/parliament_types/f.txt","offset":984,"end_offset":1026,"params":[]},
{"name":"cci_ghazaria_agenda_impact","kind":"parliament_type","file":"in_game/common/parliament_types/f.txt","offset":1098,"end_offset":1124,"params":[]},
{"name":"cci_state_bank_can_participate_in_parliament","kind":"parliament_type","file":"in_game/common/parliament_types/f.txt","offset":1196,"end_offset":1240,"params":[]},
{"name":"cci_state_bank_agenda_impact","kind":"parliament_type","file":"in_game/common/parliament_types/f.txt","offset":1312,"end_offset":1340,"params":[]},
{"name":"cci_maona_can_participate_in_parliament","kind":"parliament_type","file":"in_game/common/parliament_types/f.txt","offset":1412,"end_offset":1451,"params":[]},
{"name":"cci_maona_agenda_impact","kind":"parliament_type","file":"in_game/common/parliament_types/f.txt","offset":1523,"end_offset":1546,"params":[]}
],
"aliases":[],
"refs":[],
"constants":[],
"constant_refs":[],
"calls":[]
}
{
"version":3,
"rel_path":"in_game/common/subject_types/f.txt",
"defs":[
{"name":"cci_superba_can_participate_in_parliament","kind":"subject_type","file":"in_game/common/subject_types/f.txt","offset":774,"end_offset":815,"params":[]},
{"name":"cci_superba_agenda_impact","kind":"subject_type","file":"in_game/common/subject_types/f.txt","offset":887,"end_offset":912,"params":[]},
{"name":"cci_ghazaria_can_participate_in_parliament","kind":"subject_type","file":"in_game/common/subject_types/f.txt","offset":984,"end_offset":1026,"params":[]},
{"name":"cci_ghazaria_agenda_impact","kind":"subject_type","file":"in_game/common/subject_types/f.txt","offset":1098,"end_offset":1124,"params":[]},
{"name":"cci_state_bank_can_participate_in_parliament","kind":"subject_type","file":"in_game/common/subject_types/f.txt","offset":1196,"end_offset":1240,"params":[]},
{"name":"cci_state_bank_agenda_impact","kind":"subject_type","file":"in_game/common/subject_types/f.txt","offset":1312,"end_offset":1340,"params":[]},
{"name":"cci_maona_can_participate_in_parliament","kind":"subject_type","file":"in_game/common/subject_types/f.txt","offset":1412,"end_offset":1451,"params":[]},
{"name":"cci_maona_agenda_impact","kind":"subject_type","file":"in_game/common/subject_types/f.txt","offset":1523,"end_offset":1546,"params":[]}
],
"aliases":[],
"refs":[],
"constants":[],
"constant_refs":[],
"calls":[]
}
{
"version":3,
"rel_path":"in_game/common/situations/f.txt",
"defs":[
{"name":"cci_superba_can_participate_in_parliament","kind":"situation","file":"in_game/common/situations/f.txt","offset":774,"end_offset":815,"params":[]},
{"name":"cci_superba_agenda_impact","kind":"situation","file":"in_game/common/situations/f.txt","offset":887,"end_offset":912,"params":[]},
{"name":"cci_ghazaria_can_participate_in_parliament","kind":"situation","file":"in_game/common/situations/f.txt","offset":984,"end_offset":1026,"params":[]},
{"name":"cci_ghazaria_agenda_impact","kind":"situation","file":"in_game/common/situations/f.txt","offset":1098,"end_offset":1124,"params":[]},
{"name":"cci_state_bank_can_participate_in_parliament","kind":"situation","file":"in_game/common/situations/f.txt","offset":1196,"end_offset":1240,"params":[]},
{"name":"cci_state_bank_agenda_impact","kind":"situation","file":"in_game/common/situations/f.txt","offset":1312,"end_offset":1340,"params":[]},
{"name":"cci_maona_can_participate_in_parliament","kind":"situation","file":"in_game/common/situations/f.txt","offset":1412,"end_offset":1451,"params":[]},
{"name":"cci_maona_agenda_impact","kind":"situation","file":"in_game/common/situations/f.txt","offset":1523,"end_offset":1546,"params":[]}
],
"aliases":[],
"refs":[],
"constants":[],
"constant_refs":[],
"calls":[]
}
{
"version":3,
"rel_path":"in_game/events/f.txt",
"defs":[
{"name":"cci_superba_can_participate_in_parliament","kind":"event","file":"in_game/events/f.txt","offset":774,"end_offset":815,"params":[]},
{"name":"cci_superba_agenda_impact","kind":"event","file":"in_game/events/f.txt","offset":887,"end_offset":912,"params":[]},
{"name":"cci_ghazaria_can_participate_in_parliament","kind":"event","file":"in_game/events/f.txt","offset":984,"end_offset":1026,"params":[]},
{"name":"cci_ghazaria_agenda_impact","kind":"event","file":"in_game/events/f.txt","offset":1098,"end_offset":1124,"params":[]},
{"name":"cci_state_bank_can_participate_in_parliament","kind":"event","file":"in_game/events/f.txt","offset":1196,"end_offset":1240,"params":[]},
{"name":"cci_state_bank_agenda_impact","kind":"event","file":"in_game/events/f.txt","offset":1312,"end_offset":1340,"params":[]},
{"name":"cci_maona_can_participate_in_parliament","kind":"event","file":"in_game/events/f.txt","offset":1412,"end_offset":1451,"params":[]},
{"name":"cci_maona_agenda_impact","kind":"event","file":"in_game/events/f.txt","offset":1523,"end_offset":1546,"params":[]}
],
"aliases":[],
"refs":[],
"constants":[],
"constant_refs":[],
"calls":[]
}
{
"version":3,
"rel_path":"main_menu/common/named_colors/f.txt",
"defs":[],
"aliases":[],
"refs":[],
"constants":[],
"constant_refs":[],
"calls":[]
}
{
"version":3,
"rel_path":"gfx/f.txt",
"defs":[],
"aliases":[],
"refs":[],
"constants":[],
"constant_refs":[],
"calls":[]
}
