{
"version":3,
"rel_path":"in_game/common/advances/f.txt",
"defs":[
{"name":"cci_superba","kind":"advance","file":"in_game/common/advances/f.txt","offset":1266,"end_offset":1277,"params":[]},
{"name":"cci_ghazaria","kind":"advance","file":"in_game/common/advances/f.txt","offset":1658,"end_offset":1670,"params":[]},
{"name":"cci_state_bank","kind":"advance","file":"in_game/common/advances/f.txt","offset":1989,"end_offset":2003,"params":[]},
{"name":"cci_maona","kind":"advance","file":"in_game/common/advances/f.txt","offset":2356,"end_offset":2365,"params":[]}
],
"aliases":[],
"refs":[
{"kind":"country","name":"GEN","file":"testdata/eu5/special_statuses.txt","start":1390,"end":1393},
{"kind":"define","name":"NMapColors|INTERNATIONAL_ORGANIZATION_LEADER_COLOR","file":"testdata/eu5/special_statuses.txt","start":1604,"end":1654},
{"kind":"country","name":"GAZ","file":"testdata/eu5/special_statuses.txt","start":1769,"end":1772},
{"kind":"define","name":"NMapColors|INTERNATIONAL_ORGANIZATION_TIER2_COLOR","file":"testdata/eu5/special_statuses.txt","start":1936,"end":1985},
{"kind":"government_reform","name":"banking_country","file":"testdata/eu5/special_statuses.txt","start":2124,"end":2139},
{"kind":"define","name":"NMapColors|INTERNATIONAL_ORGANIZATION_TIER2_COLOR","file":"testdata/eu5/special_statuses.txt","start":2303,"end":2352},
{"kind":"define","name":"NMapColors|INTERNATIONAL_ORGANIZATION_TIER3_COLOR","file":"testdata/eu5/special_statuses.txt","start":2747,"end":2796}
],
"constants":[],
"constant_refs":[],
"calls":[]
}
{
"version":3,
"rel_path":"in_game/common/government_reforms/f.txt",
"defs":[
{"name":"cci_superba","kind":"government_reform","file":"in_game/common/government_reforms/f.txt","offset":1266,"end_offset":1277,"params":[]},
{"name":"cci_ghazaria","kind":"government_reform","file":"in_game/common/government_reforms/f.txt","offset":1658,"end_offset":1670,"params":[]},
{"name":"cci_state_bank","kind":"government_reform","file":"in_game/common/government_reforms/f.txt","offset":1989,"end_offset":2003,"params":[]},
{"name":"cci_maona","kind":"government_reform","file":"in_game/common/government_reforms/f.txt","offset":2356,"end_offset":2365,"params":[]}
],
"aliases":[],
"refs":[
{"kind":"country","name":"GEN","file":"testdata/eu5/special_statuses.txt","start":1390,"end":1393},
{"kind":"define","name":"NMapColors|INTERNATIONAL_ORGANIZATION_LEADER_COLOR","file":"testdata/eu5/special_statuses.txt","start":1604,"end":1654},
{"kind":"country","name":"GAZ","file":"testdata/eu5/special_statuses.txt","start":1769,"end":1772},
{"kind":"define","name":"NMapColors|INTERNATIONAL_ORGANIZATION_TIER2_COLOR","file":"testdata/eu5/special_statuses.txt","start":1936,"end":1985},
{"kind":"government_reform","name":"banking_country","file":"testdata/eu5/special_statuses.txt","start":2124,"end":2139},
{"kind":"define","name":"NMapColors|INTERNATIONAL_ORGANIZATION_TIER2_COLOR","file":"testdata/eu5/special_statuses.txt","start":2303,"end":2352},
{"kind":"define","name":"NMapColors|INTERNATIONAL_ORGANIZATION_TIER3_COLOR","file":"testdata/eu5/special_statuses.txt","start":2747,"end":2796}
],
"constants":[],
"constant_refs":[],
"calls":[]
}
{
"version":3,
"rel_path":"in_game/common/international_organizations/f.txt",
"defs":[
{"name":"cci_superba","kind":"international_organization","file":"in_game/common/international_organizations/f.txt","offset":1266,"end_offset":1277,"params":[]},
{"name":"cci_ghazaria","kind":"international_organization","file":"in_game/common/international_organizations/f.txt","offset":1658,"end_offset":1670,"params":[]},
{"name":"cci_state_bank","kind":"international_organization","file":"in_game/common/international_organizations/f.txt","offset":1989,"end_offset":2003,"params":[]},
{"name":"cci_maona","kind":"international_organization","file":"in_game/common/international_organizations/f.txt","offset":2356,"end_offset":2365,"params":[]}
],
"aliases":[],
"refs":[
{"kind":"country","name":"GEN","file":"testdata/eu5/special_statuses.txt","start":1390,"end":1393},
{"kind":"define","name":"NMapColors|INTERNATIONAL_ORGANIZATION_LEADER_COLOR","file":"testdata/eu5/special_statuses.txt","start":1604,"end":1654},
{"kind":"country","name":"GAZ","file":"testdata/eu5/special_statuses.txt","start":1769,"end":1772},
{"kind":"define","name":"NMapColors|INTERNATIONAL_ORGANIZATION_TIER2_COLOR","file":"testdata/eu5/special_statuses.txt","start":1936,"end":1985},
{"kind":"government_reform","name":"banking_country","file":"testdata/eu5/special_statuses.txt","start":2124,"end":2139},
{"kind":"define","name":"NMapColors|INTERNATIONAL_ORGANIZATION_TIER2_COLOR","file":"testdata/eu5/special_statuses.txt","start":2303,"end":2352},
{"kind":"define","name":"NMapColors|INTERNATIONAL_ORGANIZATION_TIER3_COLOR","file":"testdata/eu5/special_statuses.txt","start":2747,"end":2796}
],
"constants":[],
"constant_refs":[],
"calls":[]
}
{
"version":3,
"rel_path":"in_game/common/international_organization_special_statuses/f.txt",
"defs":[
{"name":"cci_superba","kind":"special_status","file":"in_game/common/international_organization_special_statuses/f.txt","offset":1266,"end_offset":1277,"params":[]},
{"name":"cci_ghazaria","kind":"special_status","file":"in_game/common/international_organization_special_statuses/f.txt","offset":1658,"end_offset":1670,"params":[]},
{"name":"cci_state_bank","kind":"special_status","file":"in_game/common/international_organization_special_statuses/f.txt","offset":1989,"end_offset":2003,"params":[]},
{"name":"cci_maona","kind":"special_status","file":"in_game/common/international_organization_special_statuses/f.txt","offset":2356,"end_offset":2365,"params":[]}
],
"aliases":[],
"refs":[
{"kind":"country","name":"GEN","file":"testdata/eu5/special_statuses.txt","start":1390,"end":1393},
{"kind":"define","name":"NMapColors|INTERNATIONAL_ORGANIZATION_LEADER_COLOR","file":"testdata/eu5/special_statuses.txt","start":1604,"end":1654},
{"kind":"country","name":"GAZ","file":"testdata/eu5/special_statuses.txt","start":1769,"end":1772},
{"kind":"define","name":"NMapColors|INTERNATIONAL_ORGANIZATION_TIER2_COLOR","file":"testdata/eu5/special_statuses.txt","start":1936,"end":1985},
{"kind":"government_reform","name":"banking_country","file":"testdata/eu5/special_statuses.txt","start":2124,"end":2139},
{"kind":"define","name":"NMapColors|INTERNATIONAL_ORGANIZATION_TIER2_COLOR","file":"testdata/eu5/special_statuses.txt","start":2303,"end":2352},
{"kind":"define","name":"NMapColors|INTERNATIONAL_ORGANIZATION_TIER3_COLOR","file":"testdata/eu5/special_statuses.txt","start":2747,"end":2796}
],
"constants":[],
"constant_refs":[],
"calls":[]
}
{
"version":3,
"rel_path":"in_game/common/parliament_types/f.txt",
"defs":[
{"name":"cci_superba","kind":"parliament_type","file":"in_game/common/parliament_types/f.txt","offset":1266,"end_offset":1277,"params":[]},
{"name":"cci_ghazaria","kind":"parliament_type","file":"in_game/common/parliament_types/f.txt","offset":1658,"end_offset":1670,"params":[]},
{"name":"cci_state_bank","kind":"parliament_type","file":"in_game/common/parliament_types/f.txt","offset":1989,"end_offset":2003,"params":[]},
{"name":"cci_maona","kind":"parliament_type","file":"in_game/common/parliament_types/f.txt","offset":2356,"end_offset":2365,"params":[]}
],
"aliases":[],
"refs":[
{"kind":"country","name":"GEN","file":"testdata/eu5/special_statuses.txt","start":1390,"end":1393},
{"kind":"define","name":"NMapColors|INTERNATIONAL_ORGANIZATION_LEADER_COLOR","file":"testdata/eu5/special_statuses.txt","start":1604,"end":1654},
{"kind":"country","name":"GAZ","file":"testdata/eu5/special_statuses.txt","start":1769,"end":1772},
{"kind":"define","name":"NMapColors|INTERNATIONAL_ORGANIZATION_TIER2_COLOR","file":"testdata/eu5/special_statuses.txt","start":1936,"end":1985},
{"kind":"government_reform","name":"banking_country","file":"testdata/eu5/special_statuses.txt","start":2124,"end":2139},
{"kind":"define","name":"NMapColors|INTERNATIONAL_ORGANIZATION_TIER2_COLOR","file":"testdata/eu5/special_statuses.txt","start":2303,"end":2352},
{"kind":"define","name":"NMapColors|INTERNATIONAL_ORGANIZATION_TIER3_COLOR","file":"testdata/eu5/special_statuses.txt","start":2747,"end":2796}
],
"constants":[],
"constant_refs":[],
"calls":[]
}
{
"version":3,
"rel_path":"in_game/common/subject_types/f.txt",
"defs":[
{"name":"cci_superba","kind":"subject_type","file":"in_game/common/subject_types/f.txt","offset":1266,"end_offset":1277,"params":[]},
{"name":"cci_ghazaria","kind":"subject_type","file":"in_game/common/subject_types/f.txt","offset":1658,"end_offset":1670,"params":[]},
{"name":"cci_state_bank","kind":"subject_type","file":"in_game/common/subject_types/f.txt","offset":1989,"end_offset":2003,"params":[]},
{"name":"cci_maona","kind":"subject_type","file":"in_game/common/subject_types/f.txt","offset":2356,"end_offset":2365,"params":[]}
],
"aliases":[],
"refs":[
{"kind":"country","name":"GEN","file":"testdata/eu5/special_statuses.txt","start":1390,"end":1393},
{"kind":"define","name":"NMapColors|INTERNATIONAL_ORGANIZATION_LEADER_COLOR","file":"testdata/eu5/special_statuses.txt","start":1604,"end":1654},
{"kind":"country","name":"GAZ","file":"testdata/eu5/special_statuses.txt","start":1769,"end":1772},
{"kind":"define","name":"NMapColors|INTERNATIONAL_ORGANIZATION_TIER2_COLOR","file":"testdata/eu5/special_statuses.txt","start":1936,"end":1985},
{"kind":"government_reform","name":"banking_country","file":"testdata/eu5/special_statuses.txt","start":2124,"end":2139},
{"kind":"define","name":"NMapColors|INTERNATIONAL_ORGANIZATION_TIER2_COLOR","file":"testdata/eu5/special_statuses.txt","start":2303,"end":2352},
{"kind":"define","name":"NMapColors|INTERNATIONAL_ORGANIZATION_TIER3_COLOR","file":"testdata/eu5/special_statuses.txt","start":2747,"end":2796}
],
"constants":[],
"constant_refs":[],
"calls":[]
}
{
"version":3,
"rel_path":"in_game/common/situations/f.txt",
"defs":[
{"name":"cci_superba","kind":"situation","file":"in_game/common/situations/f.txt","offset":1266,"end_offset":1277,"params":[]},
{"name":"cci_ghazaria","kind":"situation","file":"in_game/common/situations/f.txt","offset":1658,"end_offset":1670,"params":[]},
{"name":"cci_state_bank","kind":"situation","file":"in_game/common/situations/f.txt","offset":1989,"end_offset":2003,"params":[]},
{"name":"cci_maona","kind":"situation","file":"in_game/common/situations/f.txt","offset":2356,"end_offset":2365,"params":[]}
],
"aliases":[],
"refs":[
{"kind":"country","name":"GEN","file":"testdata/eu5/special_statuses.txt","start":1390,"end":1393},
{"kind":"define","name":"NMapColors|INTERNATIONAL_ORGANIZATION_LEADER_COLOR","file":"testdata/eu5/special_statuses.txt","start":1604,"end":1654},
{"kind":"country","name":"GAZ","file":"testdata/eu5/special_statuses.txt","start":1769,"end":1772},
{"kind":"define","name":"NMapColors|INTERNATIONAL_ORGANIZATION_TIER2_COLOR","file":"testdata/eu5/special_statuses.txt","start":1936,"end":1985},
{"kind":"government_reform","name":"banking_country","file":"testdata/eu5/special_statuses.txt","start":2124,"end":2139},
{"kind":"define","name":"NMapColors|INTERNATIONAL_ORGANIZATION_TIER2_COLOR","file":"testdata/eu5/special_statuses.txt","start":2303,"end":2352},
{"kind":"define","name":"NMapColors|INTERNATIONAL_ORGANIZATION_TIER3_COLOR","file":"testdata/eu5/special_statuses.txt","start":2747,"end":2796}
],
"constants":[],
"constant_refs":[],
"calls":[]
}
{
"version":3,
"rel_path":"in_game/events/f.txt",
"defs":[
{"name":"cci_superba","kind":"event","file":"in_game/events/f.txt","offset":1266,"end_offset":1277,"params":[]},
{"name":"cci_ghazaria","kind":"event","file":"in_game/events/f.txt","offset":1658,"end_offset":1670,"params":[]},
{"name":"cci_state_bank","kind":"event","file":"in_game/events/f.txt","offset":1989,"end_offset":2003,"params":[]},
{"name":"cci_maona","kind":"event","file":"in_game/events/f.txt","offset":2356,"end_offset":2365,"params":[]}
],
"aliases":[],
"refs":[
{"kind":"country","name":"GEN","file":"testdata/eu5/special_statuses.txt","start":1390,"end":1393},
{"kind":"define","name":"NMapColors|INTERNATIONAL_ORGANIZATION_LEADER_COLOR","file":"testdata/eu5/special_statuses.txt","start":1604,"end":1654},
{"kind":"country","name":"GAZ","file":"testdata/eu5/special_statuses.txt","start":1769,"end":1772},
{"kind":"define","name":"NMapColors|INTERNATIONAL_ORGANIZATION_TIER2_COLOR","file":"testdata/eu5/special_statuses.txt","start":1936,"end":1985},
{"kind":"government_reform","name":"banking_country","file":"testdata/eu5/special_statuses.txt","start":2124,"end":2139},
{"kind":"define","name":"NMapColors|INTERNATIONAL_ORGANIZATION_TIER2_COLOR","file":"testdata/eu5/special_statuses.txt","start":2303,"end":2352},
{"kind":"define","name":"NMapColors|INTERNATIONAL_ORGANIZATION_TIER3_COLOR","file":"testdata/eu5/special_statuses.txt","start":2747,"end":2796}
],
"constants":[],
"constant_refs":[],
"calls":[]
}
{
"version":3,
"rel_path":"main_menu/common/named_colors/f.txt",
"defs":[],
"aliases":[],
"refs":[
{"kind":"country","name":"GEN","file":"testdata/eu5/special_statuses.txt","start":1390,"end":1393},
{"kind":"define","name":"NMapColors|INTERNATIONAL_ORGANIZATION_LEADER_COLOR","file":"testdata/eu5/special_statuses.txt","start":1604,"end":1654},
{"kind":"country","name":"GAZ","file":"testdata/eu5/special_statuses.txt","start":1769,"end":1772},
{"kind":"define","name":"NMapColors|INTERNATIONAL_ORGANIZATION_TIER2_COLOR","file":"testdata/eu5/special_statuses.txt","start":1936,"end":1985},
{"kind":"government_reform","name":"banking_country","file":"testdata/eu5/special_statuses.txt","start":2124,"end":2139},
{"kind":"define","name":"NMapColors|INTERNATIONAL_ORGANIZATION_TIER2_COLOR","file":"testdata/eu5/special_statuses.txt","start":2303,"end":2352},
{"kind":"define","name":"NMapColors|INTERNATIONAL_ORGANIZATION_TIER3_COLOR","file":"testdata/eu5/special_statuses.txt","start":2747,"end":2796}
],
"constants":[],
"constant_refs":[],
"calls":[]
}
{
"version":3,
"rel_path":"gfx/f.txt",
"defs":[],
"aliases":[],
"refs":[
{"kind":"country","name":"GEN","file":"testdata/eu5/special_statuses.txt","start":1390,"end":1393},
{"kind":"define","name":"NMapColors|INTERNATIONAL_ORGANIZATION_LEADER_COLOR","file":"testdata/eu5/special_statuses.txt","start":1604,"end":1654},
{"kind":"country","name":"GAZ","file":"testdata/eu5/special_statuses.txt","start":1769,"end":1772},
{"kind":"define","name":"NMapColors|INTERNATIONAL_ORGANIZATION_TIER2_COLOR","file":"testdata/eu5/special_statuses.txt","start":1936,"end":1985},
{"kind":"government_reform","name":"banking_country","file":"testdata/eu5/special_statuses.txt","start":2124,"end":2139},
{"kind":"define","name":"NMapColors|INTERNATIONAL_ORGANIZATION_TIER2_COLOR","file":"testdata/eu5/special_statuses.txt","start":2303,"end":2352},
{"kind":"define","name":"NMapColors|INTERNATIONAL_ORGANIZATION_TIER3_COLOR","file":"testdata/eu5/special_statuses.txt","start":2747,"end":2796}
],
"constants":[],
"constant_refs":[],
"calls":[]
}
