{
"version":3,
"rel_path":"in_game/common/advances/f.txt",
"defs":[
{"name":"maona","kind":"advance","file":"in_game/common/advances/f.txt","offset":3,"end_offset":8,"params":[]}
],
"aliases":[],
"refs":[
{"kind":"government_type","name":"republic","file":"testdata/eu5/subject_type.txt","start":1746,"end":1754},
{"kind":"advance","name":"maona_advance","file":"testdata/eu5/subject_type.txt","start":2149,"end":2162},
{"kind":"government_reform","name":"maona_charter","file":"testdata/eu5/subject_type.txt","start":2717,"end":2730},
{"kind":"international_organization","name":"compagna_communis_ianuensis","file":"testdata/eu5/subject_type.txt","start":2766,"end":2793},
{"kind":"special_status","name":"cci_maona","file":"testdata/eu5/subject_type.txt","start":2932,"end":2941}
],
"constants":[],
"constant_refs":[],
"calls":[]
}
{
"version":3,
"rel_path":"in_game/common/government_reforms/f.txt",
"defs":[
{"name":"maona","kind":"government_reform","file":"in_game/common/government_reforms/f.txt","offset":3,"end_offset":8,"params":[]}
],
"aliases":[],
"refs":[
{"kind":"government_type","name":"republic","file":"testdata/eu5/subject_type.txt","start":1746,"end":1754},
{"kind":"advance","name":"maona_advance","file":"testdata/eu5/subject_type.txt","start":2149,"end":2162},
{"kind":"country","name":"GEN","file":"testdata/eu5/subject_type.txt","start":2276,"end":2279},
{"kind":"government_reform","name":"maona_charter","file":"testdata/eu5/subject_type.txt","start":2717,"end":2730},
{"kind":"international_organization","name":"compagna_communis_ianuensis","file":"testdata/eu5/subject_type.txt","start":2766,"end":2793},
{"kind":"special_status","name":"cci_maona","file":"testdata/eu5/subject_type.txt","start":2932,"end":2941}
],
"constants":[],
"constant_refs":[],
"calls":[]
}
{
"version":3,
"rel_path":"in_game/common/international_organizations/f.txt",
"defs":[
{"name":"maona","kind":"international_organization","file":"in_game/common/international_organizations/f.txt","offset":3,"end_offset":8,"params":[]}
],
"aliases":[],
"refs":[
{"kind":"government_type","name":"republic","file":"testdata/eu5/subject_type.txt","start":1746,"end":1754},
{"kind":"advance","name":"maona_advance","file":"testdata/eu5/subject_type.txt","start":2149,"end":2162},
{"kind":"country","name":"GEN","file":"testdata/eu5/subject_type.txt","start":2276,"end":2279},
{"kind":"government_reform","name":"maona_charter","file":"testdata/eu5/subject_type.txt","start":2717,"end":2730},
{"kind":"international_organization","name":"compagna_communis_ianuensis","file":"testdata/eu5/subject_type.txt","start":2766,"end":2793},
{"kind":"special_status","name":"cci_maona","file":"testdata/eu5/subject_type.txt","start":2932,"end":2941}
],
"constants":[],
"constant_refs":[],
"calls":[]
}
{
"version":3,
"rel_path":"in_game/common/international_organization_special_statuses/f.txt",
"defs":[
{"name":"maona","kind":"special_status","file":"in_game/common/international_organization_special_statuses/f.txt","offset":3,"end_offset":8,"params":[]}
],
"aliases":[],
"refs":[
{"kind":"government_type","name":"republic","file":"testdata/eu5/subject_type.txt","start":1746,"end":1754},
{"kind":"advance","name":"maona_advance","file":"testdata/eu5/subject_type.txt","start":2149,"end":2162},
{"kind":"country","name":"GEN","file":"testdata/eu5/subject_type.txt","start":2276,"end":2279},
{"kind":"government_reform","name":"maona_charter","file":"testdata/eu5/subject_type.txt","start":2717,"end":2730},
{"kind":"international_organization","name":"compagna_communis_ianuensis","file":"testdata/eu5/subject_type.txt","start":2766,"end":2793},
{"kind":"special_status","name":"cci_maona","file":"testdata/eu5/subject_type.txt","start":2932,"end":2941}
],
"constants":[],
"constant_refs":[],
"calls":[]
}
{
"version":3,
"rel_path":"in_game/common/parliament_types/f.txt",
"defs":[
{"name":"maona","kind":"parliament_type","file":"in_game/common/parliament_types/f.txt","offset":3,"end_offset":8,"params":[]}
],
"aliases":[],
"refs":[
{"kind":"government_type","name":"republic","file":"testdata/eu5/subject_type.txt","start":1746,"end":1754},
{"kind":"advance","name":"maona_advance","file":"testdata/eu5/subject_type.txt","start":2149,"end":2162},
{"kind":"government_reform","name":"maona_charter","file":"testdata/eu5/subject_type.txt","start":2717,"end":2730},
{"kind":"international_organization","name":"compagna_communis_ianuensis","file":"testdata/eu5/subject_type.txt","start":2766,"end":2793},
{"kind":"special_status","name":"cci_maona","file":"testdata/eu5/subject_type.txt","start":2932,"end":2941}
],
"constants":[],
"constant_refs":[],
"calls":[]
}
{
"version":3,
"rel_path":"in_game/common/subject_types/f.txt",
"defs":[
{"name":"maona","kind":"subject_type","file":"in_game/common/subject_types/f.txt","offset":3,"end_offset":8,"params":[]}
],
"aliases":[],
"refs":[
{"kind":"named_color","name":"subject_vassal","file":"testdata/eu5/subject_type.txt","start":22,"end":36},
{"kind":"government_type","name":"republic","file":"testdata/eu5/subject_type.txt","start":1746,"end":1754},
{"kind":"advance","name":"maona_advance","file":"testdata/eu5/subject_type.txt","start":2149,"end":2162},
{"kind":"country","name":"GEN","file":"testdata/eu5/subject_type.txt","start":2276,"end":2279},
{"kind":"government_reform","name":"maona_charter","file":"testdata/eu5/subject_type.txt","start":2717,"end":2730},
{"kind":"international_organization","name":"compagna_communis_ianuensis","file":"testdata/eu5/subject_type.txt","start":2766,"end":2793},
{"kind":"special_status","name":"cci_maona","file":"testdata/eu5/subject_type.txt","start":2932,"end":2941}
],
"constants":[],
"constant_refs":[],
"calls":[]
}
{
"version":3,
"rel_path":"in_game/common/situations/f.txt",
"defs":[
{"name":"maona","kind":"situation","file":"in_game/common/situations/f.txt","offset":3,"end_offset":8,"params":[]}
],
"aliases":[],
"refs":[
{"kind":"named_color","name":"subject_vassal","file":"testdata/eu5/subject_type.txt","start":22,"end":36},
{"kind":"government_type","name":"republic","file":"testdata/eu5/subject_type.txt","start":1746,"end":1754},
{"kind":"advance","name":"maona_advance","file":"testdata/eu5/subject_type.txt","start":2149,"end":2162},
{"kind":"country","name":"GEN","file":"testdata/eu5/subject_type.txt","start":2276,"end":2279},
{"kind":"government_reform","name":"maona_charter","file":"testdata/eu5/subject_type.txt","start":2717,"end":2730},
{"kind":"international_organization","name":"compagna_communis_ianuensis","file":"testdata/eu5/subject_type.txt","start":2766,"end":2793},
{"kind":"special_status","name":"cci_maona","file":"testdata/eu5/subject_type.txt","start":2932,"end":2941}
],
"constants":[],
"constant_refs":[],
"calls":[]
}
{
"version":3,
"rel_path":"in_game/events/f.txt",
"defs":[
{"name":"maona","kind":"event","file":"in_game/events/f.txt","offset":3,"end_offset":8,"params":[]}
],
"aliases":[],
"refs":[
{"kind":"government_type","name":"republic","file":"testdata/eu5/subject_type.txt","start":1746,"end":1754},
{"kind":"advance","name":"maona_advance","file":"testdata/eu5/subject_type.txt","start":2149,"end":2162},
{"kind":"country","name":"GEN","file":"testdata/eu5/subject_type.txt","start":2276,"end":2279},
{"kind":"government_reform","name":"maona_charter","file":"testdata/eu5/subject_type.txt","start":2717,"end":2730},
{"kind":"international_organization","name":"compagna_communis_ianuensis","file":"testdata/eu5/subject_type.txt","start":2766,"end":2793},
{"kind":"special_status","name":"cci_maona","file":"testdata/eu5/subject_type.txt","start":2932,"end":2941}
],
"constants":[],
"constant_refs":[],
"calls":[]
}
{
"version":3,
"rel_path":"main_menu/common/named_colors/f.txt",
"defs":[],
"aliases":[],
"refs":[
{"kind":"government_type","name":"republic","file":"testdata/eu5/subject_type.txt","start":1746,"end":1754},
{"kind":"advance","name":"maona_advance","file":"testdata/eu5/subject_type.txt","start":2149,"end":2162},
{"kind":"government_reform","name":"maona_charter","file":"testdata/eu5/subject_type.txt","start":2717,"end":2730},
{"kind":"international_organization","name":"compagna_communis_ianuensis","file":"testdata/eu5/subject_type.txt","start":2766,"end":2793},
{"kind":"special_status","name":"cci_maona","file":"testdata/eu5/subject_type.txt","start":2932,"end":2941}
],
"constants":[],
"constant_refs":[],
"calls":[]
}
{
"version":3,
"rel_path":"gfx/f.txt",
"defs":[],
"aliases":[],
"refs":[
{"kind":"government_type","name":"republic","file":"testdata/eu5/subject_type.txt","start":1746,"end":1754},
{"kind":"advance","name":"maona_advance","file":"testdata/eu5/subject_type.txt","start":2149,"end":2162},
{"kind":"government_reform","name":"maona_charter","file":"testdata/eu5/subject_type.txt","start":2717,"end":2730},
{"kind":"international_organization","name":"compagna_communis_ianuensis","file":"testdata/eu5/subject_type.txt","start":2766,"end":2793},
{"kind":"special_status","name":"cci_maona","file":"testdata/eu5/subject_type.txt","start":2932,"end":2941}
],
"constants":[],
"constant_refs":[],
"calls":[]
}
