international_organization_manager = {
  add_international_organization = {
    type = compagna_communis_ianuensis
    creation_date = 1099.1.1
    map_color = rgb {
      218
      215
      56
    }
    members = {
      GEN
      GAZ
    }
    leader = GEN
    cci_superba = {
      GEN
    }
    cci_ghazaria = {
      GAZ
    }
    variables = {
      communal_unity = 30
    }
  }
}
