cci_superba = {
  priority = 10
  max_countries = 1
  leader = yes
  modifier = {
  }
  can_bestow_trigger = {
    this = c:GEN
  }
  auto_bestowal_trigger = {
  }
  auto_rescind_trigger = {
  }
  on_bestowed_effect = {
  }
  on_rescinded_effect = {
  }
  map_color = define:NMapColors|INTERNATIONAL_ORGANIZATION_LEADER_COLOR
}
cci_ghazaria = {
  priority = 5
  modifier = {
  }
  can_bestow_trigger = {
    this = c:GAZ
  }
  auto_bestowal_trigger = {
  }
  auto_rescind_trigger = {
  }
  on_bestowed_effect = {
  }
  on_rescinded_effect = {
  }
  map_color = define:NMapColors|INTERNATIONAL_ORGANIZATION_TIER2_COLOR
}
cci_state_bank = {
  priority = 4
  modifier = {
  }
  can_bestow_trigger = {
    has_reform = government_reform:banking_country
  }
  auto_bestowal_trigger = {
  }
  auto_rescind_trigger = {
  }
  on_bestowed_effect = {
  }
  on_rescinded_effect = {
  }
  map_color = define:NMapColors|INTERNATIONAL_ORGANIZATION_TIER2_COLOR
}
cci_maona = {
  priority = 3
  modifier = {
  }
  can_bestow_trigger = {
    is_subject = yes
    is_member_of_international_organization = scope:recipient
  }
  auto_bestowal_trigger = {
  }
  auto_rescind_trigger = {
  }
  on_bestowed_effect = {
  }
  on_rescinded_effect = {
  }
  map_color = define:NMapColors|INTERNATIONAL_ORGANIZATION_TIER3_COLOR
}
