scripted_trigger        0
scripted_effect         0
script_value            0
namespace               0
country                 0
start_country           0
formable_country        0
loc_key                 0
custom_loc              0
define                  0
advance                 1
age                     0
bias                    0
building                0
unit_type               0
law                     0
unit_ability            0
character_interaction      0
country_interaction      0
relation_type           0
levy                    0
casus_belli             0
production_method       0
coat_of_arms            0
estate                  0
event                   0
game_concept            0
subject_type            0
government_reform       0
government_type         0
institution             0
international_organization      0
io_variable             0
special_status          0
io_payment              0
land_ownership_rule      0
location                0
continent               0
sub_continent           0
region                  0
area                    0
province                0
parliament_type         0
culture                 0
culture_group           0
language                0
language_family         0
religion                0
religion_group          0
religious_aspect        0
religious_faction       0
religious_figure        0
religious_focus         0
religious_school        0
situation               1
named_color             0
country_description_category      0
doc_anchor              0
total                   2
