scripted_trigger        0
scripted_effect         1
trait                   1
event                   0
decision                0
on_action               0
character               0
title                   0
culture                 0
faith                   0
loc_key                 0
law                     0
scheme                  0
event_background        0
event_theme             0
modifier                0
script_value            0
portrait_animation      0
total                   2
