{"version":1,"source_length":525,"nodes":[
{"id":0,"kind":"file","start":0,"end":0,"operator":"invalid","child_start":39,"child_end":40},
{"id":1,"kind":"scalar","start":0,"end":34,"operator":"invalid","child_start":0,"child_end":0},
{"id":2,"kind":"scalar","start":253,"end":283,"operator":"invalid","child_start":0,"child_end":0},
{"id":3,"kind":"scalar","start":290,"end":294,"operator":"invalid","child_start":0,"child_end":0},
{"id":4,"kind":"scalar","start":297,"end":324,"operator":"invalid","child_start":0,"child_end":0},
{"id":5,"kind":"field","start":290,"end":294,"operator":"equal","child_start":0,"child_end":2},
{"id":6,"kind":"scalar","start":327,"end":340,"operator":"invalid","child_start":0,"child_end":0},
{"id":7,"kind":"scalar","start":343,"end":351,"operator":"invalid","child_start":0,"child_end":0},
{"id":8,"kind":"field","start":327,"end":340,"operator":"equal","child_start":2,"child_end":4},
{"id":9,"kind":"scalar","start":355,"end":364,"operator":"invalid","child_start":0,"child_end":0},
{"id":10,"kind":"scalar","start":373,"end":376,"operator":"invalid","child_start":0,"child_end":0},
{"id":11,"kind":"scalar","start":377,"end":380,"operator":"invalid","child_start":0,"child_end":0},
{"id":12,"kind":"scalar","start":381,"end":383,"operator":"invalid","child_start":0,"child_end":0},
{"id":13,"kind":"tagged_block","start":367,"end":370,"operator":"invalid","child_start":4,"child_end":7},
{"id":14,"kind":"field","start":355,"end":364,"operator":"equal","child_start":7,"child_end":9},
{"id":15,"kind":"scalar","start":389,"end":396,"operator":"invalid","child_start":0,"child_end":0},
{"id":16,"kind":"scalar","start":401,"end":404,"operator":"invalid","child_start":0,"child_end":0},
{"id":17,"kind":"scalar","start":405,"end":408,"operator":"invalid","child_start":0,"child_end":0},
{"id":18,"kind":"block","start":0,"end":0,"operator":"invalid","child_start":9,"child_end":11},
{"id":19,"kind":"field","start":389,"end":396,"operator":"equal","child_start":11,"child_end":13},
{"id":20,"kind":"scalar","start":413,"end":419,"operator":"invalid","child_start":0,"child_end":0},
{"id":21,"kind":"scalar","start":422,"end":425,"operator":"invalid","child_start":0,"child_end":0},
{"id":22,"kind":"field","start":413,"end":419,"operator":"equal","child_start":13,"child_end":15},
{"id":23,"kind":"scalar","start":428,"end":439,"operator":"invalid","child_start":0,"child_end":0},
{"id":24,"kind":"scalar","start":444,"end":447,"operator":"invalid","child_start":0,"child_end":0},
{"id":25,"kind":"block","start":0,"end":0,"operator":"invalid","child_start":15,"child_end":16},
{"id":26,"kind":"field","start":428,"end":439,"operator":"equal","child_start":16,"child_end":18},
{"id":27,"kind":"scalar","start":452,"end":464,"operator":"invalid","child_start":0,"child_end":0},
{"id":28,"kind":"scalar","start":469,"end":472,"operator":"invalid","child_start":0,"child_end":0},
{"id":29,"kind":"block","start":0,"end":0,"operator":"invalid","child_start":18,"child_end":19},
{"id":30,"kind":"field","start":452,"end":464,"operator":"equal","child_start":19,"child_end":21},
{"id":31,"kind":"scalar","start":478,"end":487,"operator":"invalid","child_start":0,"child_end":0},
{"id":32,"kind":"scalar","start":496,"end":510,"operator":"invalid","child_start":0,"child_end":0},
{"id":33,"kind":"scalar","start":513,"end":515,"operator":"invalid","child_start":0,"child_end":0},
{"id":34,"kind":"field","start":496,"end":510,"operator":"equal","child_start":21,"child_end":23},
{"id":35,"kind":"block","start":0,"end":0,"operator":"invalid","child_start":23,"child_end":24},
{"id":36,"kind":"field","start":478,"end":487,"operator":"equal","child_start":24,"child_end":26},
{"id":37,"kind":"block","start":0,"end":0,"operator":"invalid","child_start":26,"child_end":34},
{"id":38,"kind":"field","start":253,"end":283,"operator":"equal","child_start":34,"child_end":36},
{"id":39,"kind":"block","start":0,"end":0,"operator":"invalid","child_start":36,"child_end":37},
{"id":40,"kind":"field","start":0,"end":34,"operator":"equal","child_start":37,"child_end":39}
],"child_ids":[3,4,6,7,10,11,12,9,13,16,17,15,18,20,21,24,23,25,28,27,29,32,33,34,31,35,5,8,14,19,22,26,30,36,2,37,38,1,39,40],"doc_comments":[],"diagnostics":[]}
