{"version":1,"source_length":237,"nodes":[
{"id":0,"kind":"file","start":0,"end":0,"operator":"invalid","child_start":21,"child_end":34},
{"id":1,"kind":"scalar","start":0,"end":1,"operator":"invalid","child_start":0,"child_end":0},
{"id":2,"kind":"scalar","start":4,"end":5,"operator":"invalid","child_start":0,"child_end":0},
{"id":3,"kind":"field","start":0,"end":1,"operator":"equal","child_start":0,"child_end":2},
{"id":4,"kind":"scalar","start":6,"end":9,"operator":"invalid","child_start":0,"child_end":0},
{"id":5,"kind":"scalar","start":12,"end":13,"operator":"invalid","child_start":0,"child_end":0},
{"id":6,"kind":"scalar","start":16,"end":27,"operator":"invalid","child_start":0,"child_end":0},
{"id":7,"kind":"scalar","start":36,"end":43,"operator":"invalid","child_start":0,"child_end":0},
{"id":8,"kind":"scalar","start":53,"end":57,"operator":"invalid","child_start":0,"child_end":0},
{"id":9,"kind":"scalar","start":60,"end":69,"operator":"invalid","child_start":0,"child_end":0},
{"id":10,"kind":"field","start":53,"end":57,"operator":"equal","child_start":2,"child_end":4},
{"id":11,"kind":"scalar","start":70,"end":73,"operator":"invalid","child_start":0,"child_end":0},
{"id":12,"kind":"scalar","start":76,"end":84,"operator":"invalid","child_start":0,"child_end":0},
{"id":13,"kind":"field","start":70,"end":73,"operator":"equal","child_start":4,"child_end":6},
{"id":14,"kind":"scalar","start":85,"end":89,"operator":"invalid","child_start":0,"child_end":0},
{"id":15,"kind":"scalar","start":94,"end":96,"operator":"invalid","child_start":0,"child_end":0},
{"id":16,"kind":"scalar","start":97,"end":99,"operator":"invalid","child_start":0,"child_end":0},
{"id":17,"kind":"scalar","start":100,"end":104,"operator":"invalid","child_start":0,"child_end":0},
{"id":18,"kind":"block","start":0,"end":0,"operator":"invalid","child_start":6,"child_end":9},
{"id":19,"kind":"field","start":85,"end":89,"operator":"equal","child_start":9,"child_end":11},
{"id":20,"kind":"scalar","start":107,"end":112,"operator":"invalid","child_start":0,"child_end":0},
{"id":21,"kind":"scalar","start":115,"end":132,"operator":"invalid","child_start":0,"child_end":0},
{"id":22,"kind":"field","start":107,"end":112,"operator":"equal","child_start":11,"child_end":13},
{"id":23,"kind":"scalar","start":133,"end":145,"operator":"invalid","child_start":0,"child_end":0},
{"id":24,"kind":"scalar","start":148,"end":151,"operator":"invalid","child_start":0,"child_end":0},
{"id":25,"kind":"field","start":133,"end":145,"operator":"equal","child_start":13,"child_end":15},
{"id":26,"kind":"scalar","start":152,"end":156,"operator":"invalid","child_start":0,"child_end":0},
{"id":27,"kind":"scalar","start":157,"end":160,"operator":"invalid","child_start":0,"child_end":0},
{"id":28,"kind":"scalar","start":163,"end":176,"operator":"invalid","child_start":0,"child_end":0},
{"id":29,"kind":"field","start":157,"end":160,"operator":"equal","child_start":15,"child_end":17},
{"id":30,"kind":"scalar","start":177,"end":181,"operator":"invalid","child_start":0,"child_end":0},
{"id":31,"kind":"scalar","start":184,"end":187,"operator":"invalid","child_start":0,"child_end":0},
{"id":32,"kind":"field","start":177,"end":181,"operator":"equal","child_start":17,"child_end":19},
{"id":33,"kind":"scalar","start":188,"end":195,"operator":"invalid","child_start":0,"child_end":0},
{"id":34,"kind":"scalar","start":198,"end":201,"operator":"invalid","child_start":0,"child_end":0},
{"id":35,"kind":"field","start":188,"end":195,"operator":"equal","child_start":19,"child_end":21},
{"id":36,"kind":"scalar","start":202,"end":211,"operator":"invalid","child_start":0,"child_end":0},
{"id":37,"kind":"scalar","start":212,"end":224,"operator":"invalid","child_start":0,"child_end":0}
],"child_ids":[1,2,8,9,11,12,15,16,17,14,18,20,21,23,24,27,28,30,31,33,34,3,4,5,10,13,19,22,25,26,29,32,35,36],"doc_comments":[],"diagnostics":[
{"offset":30,"severity":"error","message":"expected value, got dollar"},
{"offset":46,"severity":"error","message":"expected value, got at"},
{"offset":226,"severity":"error","message":"expected value, got eof"}
]}
