{
"version":1,
"counts":{"scripted_trigger":0,"scripted_effect":1,"script_value":0,"trait":3,"decision":0,"on_action":2,"event":1,"character":0,"title":0,"culture":0,"faith":0,"law":0,"scheme":0,"event_background":0,"event_theme":0,"modifier":0,"portrait_animation":0,"scripted_character_template":0,"character_interaction":0,"namespace":1,"secret_type":0,"loc_key":0,"total":8},
"duplicates":[],
"unresolved":[
{"file":"<root0>/common/on_action/oa.txt","start":40,"end":43,"msg":"unknown event \"t.9\""},
{"file":"<root0>/common/on_action/oa.txt","start":104,"end":107,"msg":"unknown event \"t.8\""},
{"file":"<root0>/common/on_action/oa.txt","start":164,"end":174,"msg":"unknown on_action \"missing_oa\""},
{"file":"<root0>/common/on_action/oa.txt","start":257,"end":264,"msg":"unknown on_action \"gone_oa\""},
{"file":"<root0>/common/on_action/oa.txt","start":381,"end":391,"msg":"unknown on_action \"phantom_oa\""},
{"file":"<root0>/common/scripted_effects/e.txt","start":76,"end":80,"msg":"unknown trait \"nope\""}
]
}
