{
"version":1,
"counts":{"scripted_trigger":0,"scripted_effect":1,"trait":0,"event":0,"decision":0,"on_action":0,"character":0,"title":6,"culture":0,"faith":0,"loc_key":0,"law":0,"scheme":0,"event_background":0,"event_theme":0,"total":7},
"duplicates":[],
"unresolved":[
{"file":"<root0>/common/scripted_effects/e.txt","start":113,"end":119,"msg":"unknown title \"k_gone\""}
]
}
