{"version":1,"source_length":211,"nodes":[
{"id":0,"kind":"file","start":0,"end":0,"operator":"invalid","child_start":17,"child_end":18},
{"id":1,"kind":"scalar","start":81,"end":94,"operator":"invalid","child_start":0,"child_end":0},
{"id":2,"kind":"scalar","start":100,"end":103,"operator":"invalid","child_start":0,"child_end":0},
{"id":3,"kind":"scalar","start":106,"end":122,"operator":"invalid","child_start":0,"child_end":0},
{"id":4,"kind":"field","start":100,"end":103,"operator":"equal","child_start":0,"child_end":2},
{"id":5,"kind":"scalar","start":124,"end":133,"operator":"invalid","child_start":0,"child_end":0},
{"id":6,"kind":"scalar","start":138,"end":152,"operator":"invalid","child_start":0,"child_end":0},
{"id":7,"kind":"scalar","start":155,"end":158,"operator":"invalid","child_start":0,"child_end":0},
{"id":8,"kind":"field","start":138,"end":152,"operator":"equal","child_start":2,"child_end":4},
{"id":9,"kind":"block","start":0,"end":0,"operator":"invalid","child_start":4,"child_end":5},
{"id":10,"kind":"field","start":124,"end":133,"operator":"equal","child_start":5,"child_end":7},
{"id":11,"kind":"scalar","start":162,"end":181,"operator":"invalid","child_start":0,"child_end":0},
{"id":12,"kind":"scalar","start":184,"end":189,"operator":"invalid","child_start":0,"child_end":0},
{"id":13,"kind":"field","start":162,"end":181,"operator":"equal","child_start":7,"child_end":9},
{"id":14,"kind":"scalar","start":191,"end":199,"operator":"invalid","child_start":0,"child_end":0},
{"id":15,"kind":"scalar","start":202,"end":208,"operator":"invalid","child_start":0,"child_end":0},
{"id":16,"kind":"field","start":191,"end":199,"operator":"equal","child_start":9,"child_end":11},
{"id":17,"kind":"block","start":0,"end":0,"operator":"invalid","child_start":11,"child_end":15},
{"id":18,"kind":"field","start":81,"end":94,"operator":"equal","child_start":15,"child_end":17}
],"child_ids":[2,3,6,7,8,5,9,11,12,14,15,4,10,13,16,1,17,18],"diagnostics":[]}
