{"version":1,"source_length":580,"nodes":[
{"id":0,"kind":"file","start":0,"end":0,"operator":"invalid","child_start":50,"child_end":51},
{"id":1,"kind":"scalar","start":3,"end":16,"operator":"invalid","child_start":0,"child_end":0},
{"id":2,"kind":"scalar","start":23,"end":32,"operator":"invalid","child_start":0,"child_end":0},
{"id":3,"kind":"scalar","start":39,"end":49,"operator":"invalid","child_start":0,"child_end":0},
{"id":4,"kind":"scalar","start":52,"end":83,"operator":"invalid","child_start":0,"child_end":0},
{"id":5,"kind":"field","start":39,"end":49,"operator":"equal","child_start":0,"child_end":2},
{"id":6,"kind":"scalar","start":86,"end":101,"operator":"invalid","child_start":0,"child_end":0},
{"id":7,"kind":"scalar","start":104,"end":109,"operator":"invalid","child_start":0,"child_end":0},
{"id":8,"kind":"field","start":86,"end":101,"operator":"equal","child_start":2,"child_end":4},
{"id":9,"kind":"block","start":0,"end":0,"operator":"invalid","child_start":4,"child_end":6},
{"id":10,"kind":"field","start":23,"end":32,"operator":"equal","child_start":6,"child_end":8},
{"id":11,"kind":"scalar","start":115,"end":121,"operator":"invalid","child_start":0,"child_end":0},
{"id":12,"kind":"scalar","start":128,"end":146,"operator":"invalid","child_start":0,"child_end":0},
{"id":13,"kind":"scalar","start":154,"end":162,"operator":"invalid","child_start":0,"child_end":0},
{"id":14,"kind":"scalar","start":165,"end":182,"operator":"invalid","child_start":0,"child_end":0},
{"id":15,"kind":"field","start":154,"end":162,"operator":"equal","child_start":8,"child_end":10},
{"id":16,"kind":"scalar","start":186,"end":190,"operator":"invalid","child_start":0,"child_end":0},
{"id":17,"kind":"scalar","start":193,"end":206,"operator":"invalid","child_start":0,"child_end":0},
{"id":18,"kind":"field","start":186,"end":190,"operator":"equal","child_start":10,"child_end":12},
{"id":19,"kind":"block","start":0,"end":0,"operator":"invalid","child_start":12,"child_end":14},
{"id":20,"kind":"field","start":128,"end":146,"operator":"equal","child_start":14,"child_end":16},
{"id":21,"kind":"block","start":0,"end":0,"operator":"invalid","child_start":16,"child_end":17},
{"id":22,"kind":"field","start":115,"end":121,"operator":"equal","child_start":17,"child_end":19},
{"id":23,"kind":"scalar","start":216,"end":232,"operator":"invalid","child_start":0,"child_end":0},
{"id":24,"kind":"scalar","start":239,"end":255,"operator":"invalid","child_start":0,"child_end":0},
{"id":25,"kind":"scalar","start":258,"end":286,"operator":"invalid","child_start":0,"child_end":0},
{"id":26,"kind":"field","start":239,"end":255,"operator":"equal","child_start":19,"child_end":21},
{"id":27,"kind":"scalar","start":289,"end":322,"operator":"invalid","child_start":0,"child_end":0},
{"id":28,"kind":"scalar","start":325,"end":329,"operator":"invalid","child_start":0,"child_end":0},
{"id":29,"kind":"field","start":289,"end":322,"operator":"equal","child_start":21,"child_end":23},
{"id":30,"kind":"scalar","start":332,"end":358,"operator":"invalid","child_start":0,"child_end":0},
{"id":31,"kind":"scalar","start":361,"end":388,"operator":"invalid","child_start":0,"child_end":0},
{"id":32,"kind":"field","start":332,"end":358,"operator":"equal","child_start":23,"child_end":25},
{"id":33,"kind":"scalar","start":391,"end":412,"operator":"invalid","child_start":0,"child_end":0},
{"id":34,"kind":"scalar","start":415,"end":447,"operator":"invalid","child_start":0,"child_end":0},
{"id":35,"kind":"field","start":391,"end":412,"operator":"equal","child_start":25,"child_end":27},
{"id":36,"kind":"scalar","start":450,"end":487,"operator":"invalid","child_start":0,"child_end":0},
{"id":37,"kind":"scalar","start":490,"end":495,"operator":"invalid","child_start":0,"child_end":0},
{"id":38,"kind":"field","start":450,"end":487,"operator":"equal","child_start":27,"child_end":29},
{"id":39,"kind":"scalar","start":498,"end":521,"operator":"invalid","child_start":0,"child_end":0},
{"id":40,"kind":"scalar","start":524,"end":525,"operator":"invalid","child_start":0,"child_end":0},
{"id":41,"kind":"field","start":498,"end":521,"operator":"equal","child_start":29,"child_end":31},
{"id":42,"kind":"scalar","start":528,"end":558,"operator":"invalid","child_start":0,"child_end":0},
{"id":43,"kind":"scalar","start":561,"end":564,"operator":"invalid","child_start":0,"child_end":0},
{"id":44,"kind":"field","start":528,"end":558,"operator":"equal","child_start":31,"child_end":33},
{"id":45,"kind":"block","start":0,"end":0,"operator":"invalid","child_start":33,"child_end":40},
{"id":46,"kind":"field","start":216,"end":232,"operator":"equal","child_start":40,"child_end":42},
{"id":47,"kind":"scalar","start":569,"end":574,"operator":"invalid","child_start":0,"child_end":0},
{"id":48,"kind":"scalar","start":577,"end":578,"operator":"invalid","child_start":0,"child_end":0},
{"id":49,"kind":"field","start":569,"end":574,"operator":"equal","child_start":42,"child_end":44},
{"id":50,"kind":"block","start":0,"end":0,"operator":"invalid","child_start":44,"child_end":48},
{"id":51,"kind":"field","start":3,"end":16,"operator":"equal","child_start":48,"child_end":50}
],"child_ids":[3,4,6,7,5,8,2,9,13,14,16,17,15,18,12,19,20,11,21,24,25,27,28,30,31,33,34,36,37,39,40,42,43,26,29,32,35,38,41,44,23,45,47,48,10,22,46,49,1,50,51],"diagnostics":[]}
