{"version":1,"source_length":1617,"nodes":[
{"id":0,"kind":"file","start":0,"end":0,"operator":"invalid","child_start":88,"child_end":96},
{"id":1,"kind":"scalar","start":774,"end":815,"operator":"invalid","child_start":0,"child_end":0},
{"id":2,"kind":"scalar","start":819,"end":826,"operator":"invalid","child_start":0,"child_end":0},
{"id":3,"kind":"scalar","start":827,"end":830,"operator":"invalid","child_start":0,"child_end":0},
{"id":4,"kind":"field","start":819,"end":826,"operator":"equal","child_start":0,"child_end":2},
{"id":5,"kind":"scalar","start":832,"end":841,"operator":"invalid","child_start":0,"child_end":0},
{"id":6,"kind":"scalar","start":846,"end":854,"operator":"invalid","child_start":0,"child_end":0},
{"id":7,"kind":"scalar","start":855,"end":880,"operator":"invalid","child_start":0,"child_end":0},
{"id":8,"kind":"field","start":846,"end":854,"operator":"equal","child_start":2,"child_end":4},
{"id":9,"kind":"block","start":0,"end":0,"operator":"invalid","child_start":4,"child_end":5},
{"id":10,"kind":"field","start":832,"end":841,"operator":"equal","child_start":5,"child_end":7},
{"id":11,"kind":"block","start":0,"end":0,"operator":"invalid","child_start":7,"child_end":9},
{"id":12,"kind":"field","start":774,"end":815,"operator":"equal","child_start":9,"child_end":11},
{"id":13,"kind":"scalar","start":887,"end":912,"operator":"invalid","child_start":0,"child_end":0},
{"id":14,"kind":"scalar","start":916,"end":923,"operator":"invalid","child_start":0,"child_end":0},
{"id":15,"kind":"scalar","start":924,"end":927,"operator":"invalid","child_start":0,"child_end":0},
{"id":16,"kind":"field","start":916,"end":923,"operator":"equal","child_start":11,"child_end":13},
{"id":17,"kind":"scalar","start":929,"end":938,"operator":"invalid","child_start":0,"child_end":0},
{"id":18,"kind":"scalar","start":943,"end":951,"operator":"invalid","child_start":0,"child_end":0},
{"id":19,"kind":"scalar","start":952,"end":977,"operator":"invalid","child_start":0,"child_end":0},
{"id":20,"kind":"field","start":943,"end":951,"operator":"equal","child_start":13,"child_end":15},
{"id":21,"kind":"block","start":0,"end":0,"operator":"invalid","child_start":15,"child_end":16},
{"id":22,"kind":"field","start":929,"end":938,"operator":"equal","child_start":16,"child_end":18},
{"id":23,"kind":"block","start":0,"end":0,"operator":"invalid","child_start":18,"child_end":20},
{"id":24,"kind":"field","start":887,"end":912,"operator":"equal","child_start":20,"child_end":22},
{"id":25,"kind":"scalar","start":984,"end":1026,"operator":"invalid","child_start":0,"child_end":0},
{"id":26,"kind":"scalar","start":1030,"end":1037,"operator":"invalid","child_start":0,"child_end":0},
{"id":27,"kind":"scalar","start":1038,"end":1041,"operator":"invalid","child_start":0,"child_end":0},
{"id":28,"kind":"field","start":1030,"end":1037,"operator":"equal","child_start":22,"child_end":24},
{"id":29,"kind":"scalar","start":1043,"end":1052,"operator":"invalid","child_start":0,"child_end":0},
{"id":30,"kind":"scalar","start":1057,"end":1065,"operator":"invalid","child_start":0,"child_end":0},
{"id":31,"kind":"scalar","start":1066,"end":1091,"operator":"invalid","child_start":0,"child_end":0},
{"id":32,"kind":"field","start":1057,"end":1065,"operator":"equal","child_start":24,"child_end":26},
{"id":33,"kind":"block","start":0,"end":0,"operator":"invalid","child_start":26,"child_end":27},
{"id":34,"kind":"field","start":1043,"end":1052,"operator":"equal","child_start":27,"child_end":29},
{"id":35,"kind":"block","start":0,"end":0,"operator":"invalid","child_start":29,"child_end":31},
{"id":36,"kind":"field","start":984,"end":1026,"operator":"equal","child_start":31,"child_end":33},
{"id":37,"kind":"scalar","start":1098,"end":1124,"operator":"invalid","child_start":0,"child_end":0},
{"id":38,"kind":"scalar","start":1128,"end":1135,"operator":"invalid","child_start":0,"child_end":0},
{"id":39,"kind":"scalar","start":1136,"end":1139,"operator":"invalid","child_start":0,"child_end":0},
{"id":40,"kind":"field","start":1128,"end":1135,"operator":"equal","child_start":33,"child_end":35},
{"id":41,"kind":"scalar","start":1141,"end":1150,"operator":"invalid","child_start":0,"child_end":0},
{"id":42,"kind":"scalar","start":1155,"end":1163,"operator":"invalid","child_start":0,"child_end":0},
{"id":43,"kind":"scalar","start":1164,"end":1189,"operator":"invalid","child_start":0,"child_end":0},
{"id":44,"kind":"field","start":1155,"end":1163,"operator":"equal","child_start":35,"child_end":37},
{"id":45,"kind":"block","start":0,"end":0,"operator":"invalid","child_start":37,"child_end":38},
{"id":46,"kind":"field","start":1141,"end":1150,"operator":"equal","child_start":38,"child_end":40},
{"id":47,"kind":"block","start":0,"end":0,"operator":"invalid","child_start":40,"child_end":42},
{"id":48,"kind":"field","start":1098,"end":1124,"operator":"equal","child_start":42,"child_end":44},
{"id":49,"kind":"scalar","start":1196,"end":1240,"operator":"invalid","child_start":0,"child_end":0},
{"id":50,"kind":"scalar","start":1244,"end":1251,"operator":"invalid","child_start":0,"child_end":0},
{"id":51,"kind":"scalar","start":1252,"end":1255,"operator":"invalid","child_start":0,"child_end":0},
{"id":52,"kind":"field","start":1244,"end":1251,"operator":"equal","child_start":44,"child_end":46},
{"id":53,"kind":"scalar","start":1257,"end":1266,"operator":"invalid","child_start":0,"child_end":0},
{"id":54,"kind":"scalar","start":1271,"end":1279,"operator":"invalid","child_start":0,"child_end":0},
{"id":55,"kind":"scalar","start":1280,"end":1305,"operator":"invalid","child_start":0,"child_end":0},
{"id":56,"kind":"field","start":1271,"end":1279,"operator":"equal","child_start":46,"child_end":48},
{"id":57,"kind":"block","start":0,"end":0,"operator":"invalid","child_start":48,"child_end":49},
{"id":58,"kind":"field","start":1257,"end":1266,"operator":"equal","child_start":49,"child_end":51},
{"id":59,"kind":"block","start":0,"end":0,"operator":"invalid","child_start":51,"child_end":53},
{"id":60,"kind":"field","start":1196,"end":1240,"operator":"equal","child_start":53,"child_end":55},
{"id":61,"kind":"scalar","start":1312,"end":1340,"operator":"invalid","child_start":0,"child_end":0},
{"id":62,"kind":"scalar","start":1344,"end":1351,"operator":"invalid","child_start":0,"child_end":0},
{"id":63,"kind":"scalar","start":1352,"end":1355,"operator":"invalid","child_start":0,"child_end":0},
{"id":64,"kind":"field","start":1344,"end":1351,"operator":"equal","child_start":55,"child_end":57},
{"id":65,"kind":"scalar","start":1357,"end":1366,"operator":"invalid","child_start":0,"child_end":0},
{"id":66,"kind":"scalar","start":1371,"end":1379,"operator":"invalid","child_start":0,"child_end":0},
{"id":67,"kind":"scalar","start":1380,"end":1405,"operator":"invalid","child_start":0,"child_end":0},
{"id":68,"kind":"field","start":1371,"end":1379,"operator":"equal","child_start":57,"child_end":59},
{"id":69,"kind":"block","start":0,"end":0,"operator":"invalid","child_start":59,"child_end":60},
{"id":70,"kind":"field","start":1357,"end":1366,"operator":"equal","child_start":60,"child_end":62},
{"id":71,"kind":"block","start":0,"end":0,"operator":"invalid","child_start":62,"child_end":64},
{"id":72,"kind":"field","start":1312,"end":1340,"operator":"equal","child_start":64,"child_end":66},
{"id":73,"kind":"scalar","start":1412,"end":1451,"operator":"invalid","child_start":0,"child_end":0},
{"id":74,"kind":"scalar","start":1455,"end":1462,"operator":"invalid","child_start":0,"child_end":0},
{"id":75,"kind":"scalar","start":1463,"end":1466,"operator":"invalid","child_start":0,"child_end":0},
{"id":76,"kind":"field","start":1455,"end":1462,"operator":"equal","child_start":66,"child_end":68},
{"id":77,"kind":"scalar","start":1468,"end":1477,"operator":"invalid","child_start":0,"child_end":0},
{"id":78,"kind":"scalar","start":1482,"end":1490,"operator":"invalid","child_start":0,"child_end":0},
{"id":79,"kind":"scalar","start":1491,"end":1516,"operator":"invalid","child_start":0,"child_end":0},
{"id":80,"kind":"field","start":1482,"end":1490,"operator":"equal","child_start":68,"child_end":70},
{"id":81,"kind":"block","start":0,"end":0,"operator":"invalid","child_start":70,"child_end":71},
{"id":82,"kind":"field","start":1468,"end":1477,"operator":"equal","child_start":71,"child_end":73},
{"id":83,"kind":"block","start":0,"end":0,"operator":"invalid","child_start":73,"child_end":75},
{"id":84,"kind":"field","start":1412,"end":1451,"operator":"equal","child_start":75,"child_end":77},
{"id":85,"kind":"scalar","start":1523,"end":1546,"operator":"invalid","child_start":0,"child_end":0},
{"id":86,"kind":"scalar","start":1550,"end":1557,"operator":"invalid","child_start":0,"child_end":0},
{"id":87,"kind":"scalar","start":1558,"end":1561,"operator":"invalid","child_start":0,"child_end":0},
{"id":88,"kind":"field","start":1550,"end":1557,"operator":"equal","child_start":77,"child_end":79},
{"id":89,"kind":"scalar","start":1563,"end":1572,"operator":"invalid","child_start":0,"child_end":0},
{"id":90,"kind":"scalar","start":1577,"end":1585,"operator":"invalid","child_start":0,"child_end":0},
{"id":91,"kind":"scalar","start":1586,"end":1611,"operator":"invalid","child_start":0,"child_end":0},
{"id":92,"kind":"field","start":1577,"end":1585,"operator":"equal","child_start":79,"child_end":81},
{"id":93,"kind":"block","start":0,"end":0,"operator":"invalid","child_start":81,"child_end":82},
{"id":94,"kind":"field","start":1563,"end":1572,"operator":"equal","child_start":82,"child_end":84},
{"id":95,"kind":"block","start":0,"end":0,"operator":"invalid","child_start":84,"child_end":86},
{"id":96,"kind":"field","start":1523,"end":1546,"operator":"equal","child_start":86,"child_end":88}
],"child_ids":[2,3,6,7,8,5,9,4,10,1,11,14,15,18,19,20,17,21,16,22,13,23,26,27,30,31,32,29,33,28,34,25,35,38,39,42,43,44,41,45,40,46,37,47,50,51,54,55,56,53,57,52,58,49,59,62,63,66,67,68,65,69,64,70,61,71,74,75,78,79,80,77,81,76,82,73,83,86,87,90,91,92,89,93,88,94,85,95,12,24,36,48,60,72,84,96],"diagnostics":[]}
