{"version":1,"source_length":452,"nodes":[
{"id":0,"kind":"file","start":0,"end":0,"operator":"invalid","child_start":32,"child_end":34},
{"id":1,"kind":"scalar","start":3,"end":19,"operator":"invalid","child_start":0,"child_end":0},
{"id":2,"kind":"scalar","start":20,"end":66,"operator":"invalid","child_start":0,"child_end":0},
{"id":3,"kind":"scalar","start":73,"end":96,"operator":"invalid","child_start":0,"child_end":0},
{"id":4,"kind":"scalar","start":99,"end":120,"operator":"invalid","child_start":0,"child_end":0},
{"id":5,"kind":"field","start":73,"end":96,"operator":"equal","child_start":0,"child_end":2},
{"id":6,"kind":"scalar","start":123,"end":129,"operator":"invalid","child_start":0,"child_end":0},
{"id":7,"kind":"scalar","start":132,"end":139,"operator":"invalid","child_start":0,"child_end":0},
{"id":8,"kind":"field","start":123,"end":129,"operator":"equal","child_start":2,"child_end":4},
{"id":9,"kind":"scalar","start":142,"end":147,"operator":"invalid","child_start":0,"child_end":0},
{"id":10,"kind":"scalar","start":150,"end":152,"operator":"invalid","child_start":0,"child_end":0},
{"id":11,"kind":"field","start":142,"end":147,"operator":"equal","child_start":4,"child_end":6},
{"id":12,"kind":"scalar","start":240,"end":247,"operator":"invalid","child_start":0,"child_end":0},
{"id":13,"kind":"scalar","start":255,"end":265,"operator":"invalid","child_start":0,"child_end":0},
{"id":14,"kind":"scalar","start":274,"end":277,"operator":"invalid","child_start":0,"child_end":0},
{"id":15,"kind":"scalar","start":287,"end":325,"operator":"invalid","child_start":0,"child_end":0},
{"id":16,"kind":"scalar","start":330,"end":335,"operator":"invalid","child_start":0,"child_end":0},
{"id":17,"kind":"scalar","start":338,"end":345,"operator":"invalid","child_start":0,"child_end":0},
{"id":18,"kind":"field","start":330,"end":335,"operator":"equal","child_start":6,"child_end":8},
{"id":19,"kind":"block","start":0,"end":0,"operator":"invalid","child_start":8,"child_end":9},
{"id":20,"kind":"field","start":287,"end":325,"operator":"equal","child_start":9,"child_end":11},
{"id":21,"kind":"scalar","start":353,"end":357,"operator":"invalid","child_start":0,"child_end":0},
{"id":22,"kind":"scalar","start":360,"end":387,"operator":"invalid","child_start":0,"child_end":0},
{"id":23,"kind":"field","start":353,"end":357,"operator":"equal","child_start":11,"child_end":13},
{"id":24,"kind":"block","start":0,"end":0,"operator":"invalid","child_start":13,"child_end":15},
{"id":25,"kind":"field","start":274,"end":277,"operator":"equal","child_start":15,"child_end":17},
{"id":26,"kind":"block","start":0,"end":0,"operator":"invalid","child_start":17,"child_end":18},
{"id":27,"kind":"field","start":255,"end":265,"operator":"equal","child_start":18,"child_end":20},
{"id":28,"kind":"block","start":0,"end":0,"operator":"invalid","child_start":20,"child_end":21},
{"id":29,"kind":"field","start":240,"end":247,"operator":"equal","child_start":21,"child_end":23},
{"id":30,"kind":"scalar","start":405,"end":417,"operator":"invalid","child_start":0,"child_end":0},
{"id":31,"kind":"scalar","start":420,"end":447,"operator":"invalid","child_start":0,"child_end":0},
{"id":32,"kind":"field","start":405,"end":417,"operator":"equal","child_start":23,"child_end":25},
{"id":33,"kind":"block","start":0,"end":0,"operator":"invalid","child_start":25,"child_end":30},
{"id":34,"kind":"field","start":20,"end":66,"operator":"equal","child_start":30,"child_end":32}
],"child_ids":[3,4,6,7,9,10,16,17,18,15,19,21,22,20,23,14,24,25,13,26,27,12,28,30,31,5,8,11,29,32,2,33,1,34],"diagnostics":[]}
