{"version":1,"source_length":2799,"nodes":[
{"id":0,"kind":"file","start":0,"end":0,"operator":"invalid","child_start":125,"child_end":129},
{"id":1,"kind":"scalar","start":1266,"end":1277,"operator":"invalid","child_start":0,"child_end":0},
{"id":2,"kind":"scalar","start":1283,"end":1291,"operator":"invalid","child_start":0,"child_end":0},
{"id":3,"kind":"scalar","start":1294,"end":1296,"operator":"invalid","child_start":0,"child_end":0},
{"id":4,"kind":"field","start":1283,"end":1291,"operator":"equal","child_start":0,"child_end":2},
{"id":5,"kind":"scalar","start":1301,"end":1314,"operator":"invalid","child_start":0,"child_end":0},
{"id":6,"kind":"scalar","start":1317,"end":1318,"operator":"invalid","child_start":0,"child_end":0},
{"id":7,"kind":"field","start":1301,"end":1314,"operator":"equal","child_start":2,"child_end":4},
{"id":8,"kind":"scalar","start":1323,"end":1329,"operator":"invalid","child_start":0,"child_end":0},
{"id":9,"kind":"scalar","start":1332,"end":1335,"operator":"invalid","child_start":0,"child_end":0},
{"id":10,"kind":"field","start":1323,"end":1329,"operator":"equal","child_start":4,"child_end":6},
{"id":11,"kind":"scalar","start":1338,"end":1346,"operator":"invalid","child_start":0,"child_end":0},
{"id":12,"kind":"block","start":0,"end":0,"operator":"invalid","child_start":6,"child_end":6},
{"id":13,"kind":"field","start":1338,"end":1346,"operator":"equal","child_start":6,"child_end":8},
{"id":14,"kind":"scalar","start":1356,"end":1374,"operator":"invalid","child_start":0,"child_end":0},
{"id":15,"kind":"scalar","start":1381,"end":1385,"operator":"invalid","child_start":0,"child_end":0},
{"id":16,"kind":"scalar","start":1388,"end":1393,"operator":"invalid","child_start":0,"child_end":0},
{"id":17,"kind":"field","start":1381,"end":1385,"operator":"equal","child_start":8,"child_end":10},
{"id":18,"kind":"block","start":0,"end":0,"operator":"invalid","child_start":10,"child_end":11},
{"id":19,"kind":"field","start":1356,"end":1374,"operator":"equal","child_start":11,"child_end":13},
{"id":20,"kind":"scalar","start":1462,"end":1483,"operator":"invalid","child_start":0,"child_end":0},
{"id":21,"kind":"block","start":0,"end":0,"operator":"invalid","child_start":13,"child_end":13},
{"id":22,"kind":"field","start":1462,"end":1483,"operator":"equal","child_start":13,"child_end":15},
{"id":23,"kind":"scalar","start":1494,"end":1514,"operator":"invalid","child_start":0,"child_end":0},
{"id":24,"kind":"block","start":0,"end":0,"operator":"invalid","child_start":15,"child_end":15},
{"id":25,"kind":"field","start":1494,"end":1514,"operator":"equal","child_start":15,"child_end":17},
{"id":26,"kind":"scalar","start":1526,"end":1544,"operator":"invalid","child_start":0,"child_end":0},
{"id":27,"kind":"block","start":0,"end":0,"operator":"invalid","child_start":17,"child_end":17},
{"id":28,"kind":"field","start":1526,"end":1544,"operator":"equal","child_start":17,"child_end":19},
{"id":29,"kind":"scalar","start":1555,"end":1574,"operator":"invalid","child_start":0,"child_end":0},
{"id":30,"kind":"block","start":0,"end":0,"operator":"invalid","child_start":19,"child_end":19},
{"id":31,"kind":"field","start":1555,"end":1574,"operator":"equal","child_start":19,"child_end":21},
{"id":32,"kind":"scalar","start":1585,"end":1594,"operator":"invalid","child_start":0,"child_end":0},
{"id":33,"kind":"scalar","start":1597,"end":1654,"operator":"invalid","child_start":0,"child_end":0},
{"id":34,"kind":"field","start":1585,"end":1594,"operator":"equal","child_start":21,"child_end":23},
{"id":35,"kind":"block","start":0,"end":0,"operator":"invalid","child_start":23,"child_end":33},
{"id":36,"kind":"field","start":1266,"end":1277,"operator":"equal","child_start":33,"child_end":35},
{"id":37,"kind":"scalar","start":1658,"end":1670,"operator":"invalid","child_start":0,"child_end":0},
{"id":38,"kind":"scalar","start":1679,"end":1687,"operator":"invalid","child_start":0,"child_end":0},
{"id":39,"kind":"scalar","start":1690,"end":1691,"operator":"invalid","child_start":0,"child_end":0},
{"id":40,"kind":"field","start":1679,"end":1687,"operator":"equal","child_start":35,"child_end":37},
{"id":41,"kind":"scalar","start":1701,"end":1709,"operator":"invalid","child_start":0,"child_end":0},
{"id":42,"kind":"block","start":0,"end":0,"operator":"invalid","child_start":37,"child_end":37},
{"id":43,"kind":"field","start":1701,"end":1709,"operator":"equal","child_start":37,"child_end":39},
{"id":44,"kind":"scalar","start":1729,"end":1747,"operator":"invalid","child_start":0,"child_end":0},
{"id":45,"kind":"scalar","start":1760,"end":1764,"operator":"invalid","child_start":0,"child_end":0},
{"id":46,"kind":"scalar","start":1767,"end":1772,"operator":"invalid","child_start":0,"child_end":0},
{"id":47,"kind":"field","start":1760,"end":1764,"operator":"equal","child_start":39,"child_end":41},
{"id":48,"kind":"block","start":0,"end":0,"operator":"invalid","child_start":41,"child_end":42},
{"id":49,"kind":"field","start":1729,"end":1747,"operator":"equal","child_start":42,"child_end":44},
{"id":50,"kind":"scalar","start":1788,"end":1809,"operator":"invalid","child_start":0,"child_end":0},
{"id":51,"kind":"block","start":0,"end":0,"operator":"invalid","child_start":44,"child_end":44},
{"id":52,"kind":"field","start":1788,"end":1809,"operator":"equal","child_start":44,"child_end":46},
{"id":53,"kind":"scalar","start":1820,"end":1840,"operator":"invalid","child_start":0,"child_end":0},
{"id":54,"kind":"block","start":0,"end":0,"operator":"invalid","child_start":46,"child_end":46},
{"id":55,"kind":"field","start":1820,"end":1840,"operator":"equal","child_start":46,"child_end":48},
{"id":56,"kind":"scalar","start":1852,"end":1870,"operator":"invalid","child_start":0,"child_end":0},
{"id":57,"kind":"block","start":0,"end":0,"operator":"invalid","child_start":48,"child_end":48},
{"id":58,"kind":"field","start":1852,"end":1870,"operator":"equal","child_start":48,"child_end":50},
{"id":59,"kind":"scalar","start":1881,"end":1900,"operator":"invalid","child_start":0,"child_end":0},
{"id":60,"kind":"block","start":0,"end":0,"operator":"invalid","child_start":50,"child_end":50},
{"id":61,"kind":"field","start":1881,"end":1900,"operator":"equal","child_start":50,"child_end":52},
{"id":62,"kind":"scalar","start":1917,"end":1926,"operator":"invalid","child_start":0,"child_end":0},
{"id":63,"kind":"scalar","start":1929,"end":1985,"operator":"invalid","child_start":0,"child_end":0},
{"id":64,"kind":"field","start":1917,"end":1926,"operator":"equal","child_start":52,"child_end":54},
{"id":65,"kind":"block","start":0,"end":0,"operator":"invalid","child_start":54,"child_end":62},
{"id":66,"kind":"field","start":1658,"end":1670,"operator":"equal","child_start":62,"child_end":64},
{"id":67,"kind":"scalar","start":1989,"end":2003,"operator":"invalid","child_start":0,"child_end":0},
{"id":68,"kind":"scalar","start":2012,"end":2020,"operator":"invalid","child_start":0,"child_end":0},
{"id":69,"kind":"scalar","start":2023,"end":2024,"operator":"invalid","child_start":0,"child_end":0},
{"id":70,"kind":"field","start":2012,"end":2020,"operator":"equal","child_start":64,"child_end":66},
{"id":71,"kind":"scalar","start":2034,"end":2042,"operator":"invalid","child_start":0,"child_end":0},
{"id":72,"kind":"block","start":0,"end":0,"operator":"invalid","child_start":66,"child_end":66},
{"id":73,"kind":"field","start":2034,"end":2042,"operator":"equal","child_start":66,"child_end":68},
{"id":74,"kind":"scalar","start":2062,"end":2080,"operator":"invalid","child_start":0,"child_end":0},
{"id":75,"kind":"scalar","start":2093,"end":2103,"operator":"invalid","child_start":0,"child_end":0},
{"id":76,"kind":"scalar","start":2106,"end":2139,"operator":"invalid","child_start":0,"child_end":0},
{"id":77,"kind":"field","start":2093,"end":2103,"operator":"equal","child_start":68,"child_end":70},
{"id":78,"kind":"block","start":0,"end":0,"operator":"invalid","child_start":70,"child_end":71},
{"id":79,"kind":"field","start":2062,"end":2080,"operator":"equal","child_start":71,"child_end":73},
{"id":80,"kind":"scalar","start":2155,"end":2176,"operator":"invalid","child_start":0,"child_end":0},
{"id":81,"kind":"block","start":0,"end":0,"operator":"invalid","child_start":73,"child_end":73},
{"id":82,"kind":"field","start":2155,"end":2176,"operator":"equal","child_start":73,"child_end":75},
{"id":83,"kind":"scalar","start":2187,"end":2207,"operator":"invalid","child_start":0,"child_end":0},
{"id":84,"kind":"block","start":0,"end":0,"operator":"invalid","child_start":75,"child_end":75},
{"id":85,"kind":"field","start":2187,"end":2207,"operator":"equal","child_start":75,"child_end":77},
{"id":86,"kind":"scalar","start":2219,"end":2237,"operator":"invalid","child_start":0,"child_end":0},
{"id":87,"kind":"block","start":0,"end":0,"operator":"invalid","child_start":77,"child_end":77},
{"id":88,"kind":"field","start":2219,"end":2237,"operator":"equal","child_start":77,"child_end":79},
{"id":89,"kind":"scalar","start":2248,"end":2267,"operator":"invalid","child_start":0,"child_end":0},
{"id":90,"kind":"block","start":0,"end":0,"operator":"invalid","child_start":79,"child_end":79},
{"id":91,"kind":"field","start":2248,"end":2267,"operator":"equal","child_start":79,"child_end":81},
{"id":92,"kind":"scalar","start":2284,"end":2293,"operator":"invalid","child_start":0,"child_end":0},
{"id":93,"kind":"scalar","start":2296,"end":2352,"operator":"invalid","child_start":0,"child_end":0},
{"id":94,"kind":"field","start":2284,"end":2293,"operator":"equal","child_start":81,"child_end":83},
{"id":95,"kind":"block","start":0,"end":0,"operator":"invalid","child_start":83,"child_end":91},
{"id":96,"kind":"field","start":1989,"end":2003,"operator":"equal","child_start":91,"child_end":93},
{"id":97,"kind":"scalar","start":2356,"end":2365,"operator":"invalid","child_start":0,"child_end":0},
{"id":98,"kind":"scalar","start":2374,"end":2382,"operator":"invalid","child_start":0,"child_end":0},
{"id":99,"kind":"scalar","start":2385,"end":2386,"operator":"invalid","child_start":0,"child_end":0},
{"id":100,"kind":"field","start":2374,"end":2382,"operator":"equal","child_start":93,"child_end":95},
{"id":101,"kind":"scalar","start":2396,"end":2404,"operator":"invalid","child_start":0,"child_end":0},
{"id":102,"kind":"block","start":0,"end":0,"operator":"invalid","child_start":95,"child_end":95},
{"id":103,"kind":"field","start":2396,"end":2404,"operator":"equal","child_start":95,"child_end":97},
{"id":104,"kind":"scalar","start":2424,"end":2442,"operator":"invalid","child_start":0,"child_end":0},
{"id":105,"kind":"scalar","start":2507,"end":2517,"operator":"invalid","child_start":0,"child_end":0},
{"id":106,"kind":"scalar","start":2520,"end":2523,"operator":"invalid","child_start":0,"child_end":0},
{"id":107,"kind":"field","start":2507,"end":2517,"operator":"equal","child_start":97,"child_end":99},
{"id":108,"kind":"scalar","start":2526,"end":2565,"operator":"invalid","child_start":0,"child_end":0},
{"id":109,"kind":"scalar","start":2568,"end":2583,"operator":"invalid","child_start":0,"child_end":0},
{"id":110,"kind":"field","start":2526,"end":2565,"operator":"equal","child_start":99,"child_end":101},
{"id":111,"kind":"block","start":0,"end":0,"operator":"invalid","child_start":101,"child_end":103},
{"id":112,"kind":"field","start":2424,"end":2442,"operator":"equal","child_start":103,"child_end":105},
{"id":113,"kind":"scalar","start":2599,"end":2620,"operator":"invalid","child_start":0,"child_end":0},
{"id":114,"kind":"block","start":0,"end":0,"operator":"invalid","child_start":105,"child_end":105},
{"id":115,"kind":"field","start":2599,"end":2620,"operator":"equal","child_start":105,"child_end":107},
{"id":116,"kind":"scalar","start":2631,"end":2651,"operator":"invalid","child_start":0,"child_end":0},
{"id":117,"kind":"block","start":0,"end":0,"operator":"invalid","child_start":107,"child_end":107},
{"id":118,"kind":"field","start":2631,"end":2651,"operator":"equal","child_start":107,"child_end":109},
{"id":119,"kind":"scalar","start":2663,"end":2681,"operator":"invalid","child_start":0,"child_end":0},
{"id":120,"kind":"block","start":0,"end":0,"operator":"invalid","child_start":109,"child_end":109},
{"id":121,"kind":"field","start":2663,"end":2681,"operator":"equal","child_start":109,"child_end":111},
{"id":122,"kind":"scalar","start":2692,"end":2711,"operator":"invalid","child_start":0,"child_end":0},
{"id":123,"kind":"block","start":0,"end":0,"operator":"invalid","child_start":111,"child_end":111},
{"id":124,"kind":"field","start":2692,"end":2711,"operator":"equal","child_start":111,"child_end":113},
{"id":125,"kind":"scalar","start":2728,"end":2737,"operator":"invalid","child_start":0,"child_end":0},
{"id":126,"kind":"scalar","start":2740,"end":2796,"operator":"invalid","child_start":0,"child_end":0},
{"id":127,"kind":"field","start":2728,"end":2737,"operator":"equal","child_start":113,"child_end":115},
{"id":128,"kind":"block","start":0,"end":0,"operator":"invalid","child_start":115,"child_end":123},
{"id":129,"kind":"field","start":2356,"end":2365,"operator":"equal","child_start":123,"child_end":125}
],"child_ids":[2,3,5,6,8,9,11,12,15,16,17,14,18,20,21,23,24,26,27,29,30,32,33,4,7,10,13,19,22,25,28,31,34,1,35,38,39,41,42,45,46,47,44,48,50,51,53,54,56,57,59,60,62,63,40,43,49,52,55,58,61,64,37,65,68,69,71,72,75,76,77,74,78,80,81,83,84,86,87,89,90,92,93,70,73,79,82,85,88,91,94,67,95,98,99,101,102,105,106,108,109,107,110,104,111,113,114,116,117,119,120,122,123,125,126,100,103,112,115,118,121,124,127,97,128,36,66,96,129],"diagnostics":[]}
