{"version":1,"source_length":3301,"nodes":[
{"id":0,"kind":"file","start":0,"end":0,"operator":"invalid","child_start":218,"child_end":219},
{"id":1,"kind":"scalar","start":3,"end":8,"operator":"invalid","child_start":0,"child_end":0},
{"id":2,"kind":"scalar","start":14,"end":19,"operator":"invalid","child_start":0,"child_end":0},
{"id":3,"kind":"scalar","start":22,"end":36,"operator":"invalid","child_start":0,"child_end":0},
{"id":4,"kind":"field","start":14,"end":19,"operator":"equal","child_start":0,"child_end":2},
{"id":5,"kind":"scalar","start":53,"end":58,"operator":"invalid","child_start":0,"child_end":0},
{"id":6,"kind":"scalar","start":61,"end":62,"operator":"invalid","child_start":0,"child_end":0},
{"id":7,"kind":"field","start":53,"end":58,"operator":"equal","child_start":2,"child_end":4},
{"id":8,"kind":"scalar","start":64,"end":91,"operator":"invalid","child_start":0,"child_end":0},
{"id":9,"kind":"scalar","start":94,"end":96,"operator":"invalid","child_start":0,"child_end":0},
{"id":10,"kind":"field","start":64,"end":91,"operator":"equal","child_start":4,"child_end":6},
{"id":11,"kind":"scalar","start":262,"end":288,"operator":"invalid","child_start":0,"child_end":0},
{"id":12,"kind":"scalar","start":295,"end":301,"operator":"invalid","child_start":0,"child_end":0},
{"id":13,"kind":"scalar","start":304,"end":306,"operator":"invalid","child_start":0,"child_end":0},
{"id":14,"kind":"field","start":295,"end":301,"operator":"equal","child_start":6,"child_end":8},
{"id":15,"kind":"block","start":0,"end":0,"operator":"invalid","child_start":8,"child_end":9},
{"id":16,"kind":"field","start":262,"end":288,"operator":"equal","child_start":9,"child_end":11},
{"id":17,"kind":"scalar","start":311,"end":339,"operator":"invalid","child_start":0,"child_end":0},
{"id":18,"kind":"scalar","start":406,"end":417,"operator":"invalid","child_start":0,"child_end":0},
{"id":19,"kind":"scalar","start":422,"end":435,"operator":"invalid","child_start":0,"child_end":0},
{"id":20,"kind":"scalar","start":438,"end":453,"operator":"invalid","child_start":0,"child_end":0},
{"id":21,"kind":"field","start":422,"end":435,"operator":"equal","child_start":11,"child_end":13},
{"id":22,"kind":"block","start":0,"end":0,"operator":"invalid","child_start":13,"child_end":14},
{"id":23,"kind":"field","start":406,"end":417,"operator":"equal","child_start":14,"child_end":16},
{"id":24,"kind":"block","start":0,"end":0,"operator":"invalid","child_start":16,"child_end":17},
{"id":25,"kind":"field","start":311,"end":339,"operator":"equal","child_start":17,"child_end":19},
{"id":26,"kind":"scalar","start":460,"end":486,"operator":"invalid","child_start":0,"child_end":0},
{"id":27,"kind":"scalar","start":531,"end":542,"operator":"invalid","child_start":0,"child_end":0},
{"id":28,"kind":"scalar","start":550,"end":563,"operator":"invalid","child_start":0,"child_end":0},
{"id":29,"kind":"scalar","start":566,"end":581,"operator":"invalid","child_start":0,"child_end":0},
{"id":30,"kind":"field","start":550,"end":563,"operator":"equal","child_start":19,"child_end":21},
{"id":31,"kind":"block","start":0,"end":0,"operator":"invalid","child_start":21,"child_end":22},
{"id":32,"kind":"field","start":531,"end":542,"operator":"equal","child_start":22,"child_end":24},
{"id":33,"kind":"block","start":0,"end":0,"operator":"invalid","child_start":24,"child_end":25},
{"id":34,"kind":"field","start":460,"end":486,"operator":"equal","child_start":25,"child_end":27},
{"id":35,"kind":"scalar","start":591,"end":610,"operator":"invalid","child_start":0,"child_end":0},
{"id":36,"kind":"scalar","start":613,"end":615,"operator":"invalid","child_start":0,"child_end":0},
{"id":37,"kind":"field","start":591,"end":610,"operator":"equal","child_start":27,"child_end":29},
{"id":38,"kind":"scalar","start":617,"end":631,"operator":"invalid","child_start":0,"child_end":0},
{"id":39,"kind":"scalar","start":634,"end":636,"operator":"invalid","child_start":0,"child_end":0},
{"id":40,"kind":"field","start":617,"end":631,"operator":"equal","child_start":29,"child_end":31},
{"id":41,"kind":"scalar","start":691,"end":711,"operator":"invalid","child_start":0,"child_end":0},
{"id":42,"kind":"scalar","start":714,"end":718,"operator":"invalid","child_start":0,"child_end":0},
{"id":43,"kind":"field","start":691,"end":711,"operator":"equal","child_start":31,"child_end":33},
{"id":44,"kind":"scalar","start":721,"end":751,"operator":"invalid","child_start":0,"child_end":0},
{"id":45,"kind":"scalar","start":754,"end":758,"operator":"invalid","child_start":0,"child_end":0},
{"id":46,"kind":"field","start":721,"end":751,"operator":"equal","child_start":33,"child_end":35},
{"id":47,"kind":"scalar","start":761,"end":779,"operator":"invalid","child_start":0,"child_end":0},
{"id":48,"kind":"scalar","start":782,"end":784,"operator":"invalid","child_start":0,"child_end":0},
{"id":49,"kind":"field","start":761,"end":779,"operator":"equal","child_start":35,"child_end":37},
{"id":50,"kind":"scalar","start":807,"end":826,"operator":"invalid","child_start":0,"child_end":0},
{"id":51,"kind":"scalar","start":829,"end":831,"operator":"invalid","child_start":0,"child_end":0},
{"id":52,"kind":"field","start":807,"end":826,"operator":"equal","child_start":37,"child_end":39},
{"id":53,"kind":"scalar","start":891,"end":912,"operator":"invalid","child_start":0,"child_end":0},
{"id":54,"kind":"scalar","start":915,"end":918,"operator":"invalid","child_start":0,"child_end":0},
{"id":55,"kind":"field","start":891,"end":912,"operator":"equal","child_start":39,"child_end":41},
{"id":56,"kind":"scalar","start":921,"end":941,"operator":"invalid","child_start":0,"child_end":0},
{"id":57,"kind":"scalar","start":948,"end":954,"operator":"invalid","child_start":0,"child_end":0},
{"id":58,"kind":"scalar","start":957,"end":959,"operator":"invalid","child_start":0,"child_end":0},
{"id":59,"kind":"field","start":948,"end":954,"operator":"equal","child_start":41,"child_end":43},
{"id":60,"kind":"block","start":0,"end":0,"operator":"invalid","child_start":43,"child_end":44},
{"id":61,"kind":"field","start":921,"end":941,"operator":"equal","child_start":44,"child_end":46},
{"id":62,"kind":"scalar","start":1075,"end":1094,"operator":"invalid","child_start":0,"child_end":0},
{"id":63,"kind":"scalar","start":1097,"end":1100,"operator":"invalid","child_start":0,"child_end":0},
{"id":64,"kind":"field","start":1075,"end":1094,"operator":"equal","child_start":46,"child_end":48},
{"id":65,"kind":"scalar","start":1102,"end":1113,"operator":"invalid","child_start":0,"child_end":0},
{"id":66,"kind":"scalar","start":1116,"end":1118,"operator":"invalid","child_start":0,"child_end":0},
{"id":67,"kind":"field","start":1102,"end":1113,"operator":"equal","child_start":48,"child_end":50},
{"id":68,"kind":"scalar","start":1121,"end":1136,"operator":"invalid","child_start":0,"child_end":0},
{"id":69,"kind":"scalar","start":1139,"end":1141,"operator":"invalid","child_start":0,"child_end":0},
{"id":70,"kind":"field","start":1121,"end":1136,"operator":"equal","child_start":50,"child_end":52},
{"id":71,"kind":"scalar","start":1143,"end":1168,"operator":"invalid","child_start":0,"child_end":0},
{"id":72,"kind":"scalar","start":1171,"end":1173,"operator":"invalid","child_start":0,"child_end":0},
{"id":73,"kind":"field","start":1143,"end":1168,"operator":"equal","child_start":52,"child_end":54},
{"id":74,"kind":"scalar","start":1176,"end":1198,"operator":"invalid","child_start":0,"child_end":0},
{"id":75,"kind":"scalar","start":1201,"end":1204,"operator":"invalid","child_start":0,"child_end":0},
{"id":76,"kind":"field","start":1176,"end":1198,"operator":"equal","child_start":54,"child_end":56},
{"id":77,"kind":"scalar","start":1206,"end":1227,"operator":"invalid","child_start":0,"child_end":0},
{"id":78,"kind":"scalar","start":1230,"end":1233,"operator":"invalid","child_start":0,"child_end":0},
{"id":79,"kind":"field","start":1206,"end":1227,"operator":"equal","child_start":56,"child_end":58},
{"id":80,"kind":"scalar","start":1236,"end":1266,"operator":"invalid","child_start":0,"child_end":0},
{"id":81,"kind":"scalar","start":1269,"end":1271,"operator":"invalid","child_start":0,"child_end":0},
{"id":82,"kind":"field","start":1236,"end":1266,"operator":"equal","child_start":58,"child_end":60},
{"id":83,"kind":"scalar","start":1273,"end":1297,"operator":"invalid","child_start":0,"child_end":0},
{"id":84,"kind":"scalar","start":1300,"end":1303,"operator":"invalid","child_start":0,"child_end":0},
{"id":85,"kind":"field","start":1273,"end":1297,"operator":"equal","child_start":60,"child_end":62},
{"id":86,"kind":"scalar","start":1348,"end":1372,"operator":"invalid","child_start":0,"child_end":0},
{"id":87,"kind":"scalar","start":1375,"end":1378,"operator":"invalid","child_start":0,"child_end":0},
{"id":88,"kind":"field","start":1348,"end":1372,"operator":"equal","child_start":62,"child_end":64},
{"id":89,"kind":"scalar","start":1380,"end":1408,"operator":"invalid","child_start":0,"child_end":0},
{"id":90,"kind":"scalar","start":1411,"end":1414,"operator":"invalid","child_start":0,"child_end":0},
{"id":91,"kind":"field","start":1380,"end":1408,"operator":"equal","child_start":64,"child_end":66},
{"id":92,"kind":"scalar","start":1416,"end":1439,"operator":"invalid","child_start":0,"child_end":0},
{"id":93,"kind":"scalar","start":1442,"end":1445,"operator":"invalid","child_start":0,"child_end":0},
{"id":94,"kind":"field","start":1416,"end":1439,"operator":"equal","child_start":66,"child_end":68},
{"id":95,"kind":"scalar","start":1448,"end":1474,"operator":"invalid","child_start":0,"child_end":0},
{"id":96,"kind":"scalar","start":1477,"end":1480,"operator":"invalid","child_start":0,"child_end":0},
{"id":97,"kind":"field","start":1448,"end":1474,"operator":"equal","child_start":68,"child_end":70},
{"id":98,"kind":"scalar","start":1482,"end":1514,"operator":"invalid","child_start":0,"child_end":0},
{"id":99,"kind":"scalar","start":1517,"end":1519,"operator":"invalid","child_start":0,"child_end":0},
{"id":100,"kind":"field","start":1482,"end":1514,"operator":"equal","child_start":70,"child_end":72},
{"id":101,"kind":"scalar","start":1522,"end":1557,"operator":"invalid","child_start":0,"child_end":0},
{"id":102,"kind":"scalar","start":1560,"end":1563,"operator":"invalid","child_start":0,"child_end":0},
{"id":103,"kind":"field","start":1522,"end":1557,"operator":"equal","child_start":72,"child_end":74},
{"id":104,"kind":"scalar","start":1566,"end":1591,"operator":"invalid","child_start":0,"child_end":0},
{"id":105,"kind":"scalar","start":1594,"end":1597,"operator":"invalid","child_start":0,"child_end":0},
{"id":106,"kind":"field","start":1566,"end":1591,"operator":"equal","child_start":74,"child_end":76},
{"id":107,"kind":"scalar","start":1600,"end":1626,"operator":"invalid","child_start":0,"child_end":0},
{"id":108,"kind":"scalar","start":1629,"end":1632,"operator":"invalid","child_start":0,"child_end":0},
{"id":109,"kind":"field","start":1600,"end":1626,"operator":"equal","child_start":76,"child_end":78},
{"id":110,"kind":"scalar","start":1635,"end":1665,"operator":"invalid","child_start":0,"child_end":0},
{"id":111,"kind":"scalar","start":1668,"end":1672,"operator":"invalid","child_start":0,"child_end":0},
{"id":112,"kind":"field","start":1635,"end":1665,"operator":"equal","child_start":78,"child_end":80},
{"id":113,"kind":"scalar","start":1733,"end":1743,"operator":"invalid","child_start":0,"child_end":0},
{"id":114,"kind":"scalar","start":1746,"end":1754,"operator":"invalid","child_start":0,"child_end":0},
{"id":115,"kind":"field","start":1733,"end":1743,"operator":"equal","child_start":80,"child_end":82},
{"id":116,"kind":"scalar","start":1757,"end":1787,"operator":"invalid","child_start":0,"child_end":0},
{"id":117,"kind":"scalar","start":1790,"end":1821,"operator":"invalid","child_start":0,"child_end":0},
{"id":118,"kind":"field","start":1757,"end":1787,"operator":"equal","child_start":82,"child_end":84},
{"id":119,"kind":"scalar","start":1823,"end":1852,"operator":"invalid","child_start":0,"child_end":0},
{"id":120,"kind":"scalar","start":1855,"end":1886,"operator":"invalid","child_start":0,"child_end":0},
{"id":121,"kind":"field","start":1823,"end":1852,"operator":"equal","child_start":84,"child_end":86},
{"id":122,"kind":"scalar","start":1889,"end":1906,"operator":"invalid","child_start":0,"child_end":0},
{"id":123,"kind":"scalar","start":1913,"end":1929,"operator":"invalid","child_start":0,"child_end":0},
{"id":124,"kind":"scalar","start":1932,"end":1959,"operator":"invalid","child_start":0,"child_end":0},
{"id":125,"kind":"field","start":1913,"end":1929,"operator":"equal","child_start":86,"child_end":88},
{"id":126,"kind":"scalar","start":1962,"end":1995,"operator":"invalid","child_start":0,"child_end":0},
{"id":127,"kind":"scalar","start":1998,"end":2003,"operator":"invalid","child_start":0,"child_end":0},
{"id":128,"kind":"field","start":1962,"end":1995,"operator":"equal","child_start":88,"child_end":90},
{"id":129,"kind":"block","start":0,"end":0,"operator":"invalid","child_start":90,"child_end":92},
{"id":130,"kind":"field","start":1889,"end":1906,"operator":"equal","child_start":92,"child_end":94},
{"id":131,"kind":"scalar","start":2009,"end":2025,"operator":"invalid","child_start":0,"child_end":0},
{"id":132,"kind":"scalar","start":2032,"end":2048,"operator":"invalid","child_start":0,"child_end":0},
{"id":133,"kind":"scalar","start":2051,"end":2079,"operator":"invalid","child_start":0,"child_end":0},
{"id":134,"kind":"field","start":2032,"end":2048,"operator":"equal","child_start":94,"child_end":96},
{"id":135,"kind":"scalar","start":2082,"end":2101,"operator":"invalid","child_start":0,"child_end":0},
{"id":136,"kind":"scalar","start":2104,"end":2106,"operator":"invalid","child_start":0,"child_end":0},
{"id":137,"kind":"field","start":2082,"end":2101,"operator":"equal","child_start":96,"child_end":98},
{"id":138,"kind":"block","start":0,"end":0,"operator":"invalid","child_start":98,"child_end":100},
{"id":139,"kind":"field","start":2009,"end":2025,"operator":"equal","child_start":100,"child_end":102},
{"id":140,"kind":"scalar","start":2112,"end":2128,"operator":"invalid","child_start":0,"child_end":0},
{"id":141,"kind":"scalar","start":2135,"end":2146,"operator":"invalid","child_start":0,"child_end":0},
{"id":142,"kind":"scalar","start":2149,"end":2162,"operator":"invalid","child_start":0,"child_end":0},
{"id":143,"kind":"field","start":2135,"end":2146,"operator":"equal","child_start":102,"child_end":104},
{"id":144,"kind":"block","start":0,"end":0,"operator":"invalid","child_start":104,"child_end":105},
{"id":145,"kind":"field","start":2112,"end":2128,"operator":"equal","child_start":105,"child_end":107},
{"id":146,"kind":"scalar","start":2238,"end":2263,"operator":"invalid","child_start":0,"child_end":0},
{"id":147,"kind":"scalar","start":2270,"end":2273,"operator":"invalid","child_start":0,"child_end":0},
{"id":148,"kind":"scalar","start":2276,"end":2279,"operator":"invalid","child_start":0,"child_end":0},
{"id":149,"kind":"field","start":2270,"end":2273,"operator":"equal","child_start":107,"child_end":109},
{"id":150,"kind":"block","start":0,"end":0,"operator":"invalid","child_start":109,"child_end":110},
{"id":151,"kind":"field","start":2238,"end":2263,"operator":"equal","child_start":110,"child_end":112},
{"id":152,"kind":"scalar","start":2419,"end":2441,"operator":"invalid","child_start":0,"child_end":0},
{"id":153,"kind":"scalar","start":2448,"end":2454,"operator":"invalid","child_start":0,"child_end":0},
{"id":154,"kind":"scalar","start":2457,"end":2459,"operator":"invalid","child_start":0,"child_end":0},
{"id":155,"kind":"field","start":2448,"end":2454,"operator":"equal","child_start":112,"child_end":114},
{"id":156,"kind":"block","start":0,"end":0,"operator":"invalid","child_start":114,"child_end":115},
{"id":157,"kind":"field","start":2419,"end":2441,"operator":"equal","child_start":115,"child_end":117},
{"id":158,"kind":"scalar","start":2506,"end":2515,"operator":"invalid","child_start":0,"child_end":0},
{"id":159,"kind":"scalar","start":2686,"end":2696,"operator":"invalid","child_start":0,"child_end":0},
{"id":160,"kind":"scalar","start":2699,"end":2730,"operator":"invalid","child_start":0,"child_end":0},
{"id":161,"kind":"field","start":2686,"end":2696,"operator":"equal","child_start":117,"child_end":119},
{"id":162,"kind":"scalar","start":2739,"end":2793,"operator":"invalid","child_start":0,"child_end":0},
{"id":163,"kind":"scalar","start":2801,"end":2842,"operator":"invalid","child_start":0,"child_end":0},
{"id":164,"kind":"scalar","start":2845,"end":2849,"operator":"invalid","child_start":0,"child_end":0},
{"id":165,"kind":"field","start":2801,"end":2842,"operator":"equal","child_start":119,"child_end":121},
{"id":166,"kind":"scalar","start":2853,"end":2898,"operator":"invalid","child_start":0,"child_end":0},
{"id":167,"kind":"scalar","start":2910,"end":2914,"operator":"invalid","child_start":0,"child_end":0},
{"id":168,"kind":"scalar","start":2917,"end":2941,"operator":"invalid","child_start":0,"child_end":0},
{"id":169,"kind":"field","start":2910,"end":2914,"operator":"equal","child_start":121,"child_end":123},
{"id":170,"kind":"scalar","start":2949,"end":2956,"operator":"invalid","child_start":0,"child_end":0},
{"id":171,"kind":"scalar","start":2959,"end":2963,"operator":"invalid","child_start":0,"child_end":0},
{"id":172,"kind":"field","start":2949,"end":2956,"operator":"equal","child_start":123,"child_end":125},
{"id":173,"kind":"block","start":0,"end":0,"operator":"invalid","child_start":125,"child_end":127},
{"id":174,"kind":"field","start":2853,"end":2898,"operator":"equal","child_start":127,"child_end":129},
{"id":175,"kind":"block","start":0,"end":0,"operator":"invalid","child_start":129,"child_end":131},
{"id":176,"kind":"field","start":2739,"end":2793,"operator":"equal","child_start":131,"child_end":133},
{"id":177,"kind":"block","start":0,"end":0,"operator":"invalid","child_start":133,"child_end":135},
{"id":178,"kind":"field","start":2506,"end":2515,"operator":"equal","child_start":135,"child_end":137},
{"id":179,"kind":"scalar","start":2981,"end":2991,"operator":"invalid","child_start":0,"child_end":0},
{"id":180,"kind":"block","start":0,"end":0,"operator":"invalid","child_start":137,"child_end":137},
{"id":181,"kind":"field","start":2981,"end":2991,"operator":"equal","child_start":137,"child_end":139},
{"id":182,"kind":"scalar","start":3001,"end":3028,"operator":"invalid","child_start":0,"child_end":0},
{"id":183,"kind":"scalar","start":3035,"end":3039,"operator":"invalid","child_start":0,"child_end":0},
{"id":184,"kind":"scalar","start":3042,"end":3045,"operator":"invalid","child_start":0,"child_end":0},
{"id":185,"kind":"field","start":3035,"end":3039,"operator":"equal","child_start":139,"child_end":141},
{"id":186,"kind":"scalar","start":3048,"end":3064,"operator":"invalid","child_start":0,"child_end":0},
{"id":187,"kind":"scalar","start":3067,"end":3069,"operator":"invalid","child_start":0,"child_end":0},
{"id":188,"kind":"field","start":3048,"end":3064,"operator":"equal","child_start":141,"child_end":143},
{"id":189,"kind":"scalar","start":3072,"end":3088,"operator":"invalid","child_start":0,"child_end":0},
{"id":190,"kind":"scalar","start":3091,"end":3095,"operator":"invalid","child_start":0,"child_end":0},
{"id":191,"kind":"field","start":3072,"end":3088,"operator":"equal","child_start":143,"child_end":145},
{"id":192,"kind":"scalar","start":3098,"end":3119,"operator":"invalid","child_start":0,"child_end":0},
{"id":193,"kind":"scalar","start":3122,"end":3123,"operator":"invalid","child_start":0,"child_end":0},
{"id":194,"kind":"field","start":3098,"end":3119,"operator":"equal","child_start":145,"child_end":147},
{"id":195,"kind":"scalar","start":3126,"end":3146,"operator":"invalid","child_start":0,"child_end":0},
{"id":196,"kind":"scalar","start":3149,"end":3150,"operator":"invalid","child_start":0,"child_end":0},
{"id":197,"kind":"field","start":3126,"end":3146,"operator":"equal","child_start":147,"child_end":149},
{"id":198,"kind":"scalar","start":3153,"end":3167,"operator":"invalid","child_start":0,"child_end":0},
{"id":199,"kind":"scalar","start":3170,"end":3173,"operator":"invalid","child_start":0,"child_end":0},
{"id":200,"kind":"field","start":3153,"end":3167,"operator":"equal","child_start":149,"child_end":151},
{"id":201,"kind":"block","start":0,"end":0,"operator":"invalid","child_start":151,"child_end":157},
{"id":202,"kind":"field","start":3001,"end":3028,"operator":"equal","child_start":157,"child_end":159},
{"id":203,"kind":"scalar","start":3179,"end":3207,"operator":"invalid","child_start":0,"child_end":0},
{"id":204,"kind":"scalar","start":3214,"end":3218,"operator":"invalid","child_start":0,"child_end":0},
{"id":205,"kind":"scalar","start":3221,"end":3223,"operator":"invalid","child_start":0,"child_end":0},
{"id":206,"kind":"field","start":3214,"end":3218,"operator":"equal","child_start":159,"child_end":161},
{"id":207,"kind":"scalar","start":3226,"end":3242,"operator":"invalid","child_start":0,"child_end":0},
{"id":208,"kind":"scalar","start":3245,"end":3247,"operator":"invalid","child_start":0,"child_end":0},
{"id":209,"kind":"field","start":3226,"end":3242,"operator":"equal","child_start":161,"child_end":163},
{"id":210,"kind":"scalar","start":3250,"end":3266,"operator":"invalid","child_start":0,"child_end":0},
{"id":211,"kind":"scalar","start":3269,"end":3273,"operator":"invalid","child_start":0,"child_end":0},
{"id":212,"kind":"field","start":3250,"end":3266,"operator":"equal","child_start":163,"child_end":165},
{"id":213,"kind":"scalar","start":3276,"end":3290,"operator":"invalid","child_start":0,"child_end":0},
{"id":214,"kind":"scalar","start":3293,"end":3296,"operator":"invalid","child_start":0,"child_end":0},
{"id":215,"kind":"field","start":3276,"end":3290,"operator":"equal","child_start":165,"child_end":167},
{"id":216,"kind":"block","start":0,"end":0,"operator":"invalid","child_start":167,"child_end":171},
{"id":217,"kind":"field","start":3179,"end":3207,"operator":"equal","child_start":171,"child_end":173},
{"id":218,"kind":"block","start":0,"end":0,"operator":"invalid","child_start":173,"child_end":216},
{"id":219,"kind":"field","start":3,"end":8,"operator":"equal","child_start":216,"child_end":218}
],"child_ids":[2,3,5,6,8,9,12,13,14,11,15,19,20,21,18,22,23,17,24,28,29,30,27,31,32,26,33,35,36,38,39,41,42,44,45,47,48,50,51,53,54,57,58,59,56,60,62,63,65,66,68,69,71,72,74,75,77,78,80,81,83,84,86,87,89,90,92,93,95,96,98,99,101,102,104,105,107,108,110,111,113,114,116,117,119,120,123,124,126,127,125,128,122,129,132,133,135,136,134,137,131,138,141,142,143,140,144,147,148,149,146,150,153,154,155,152,156,159,160,163,164,167,168,170,171,169,172,166,173,165,174,162,175,161,176,158,177,179,180,183,184,186,187,189,190,192,193,195,196,198,199,185,188,191,194,197,200,182,201,204,205,207,208,210,211,213,214,206,209,212,215,203,216,4,7,10,16,25,34,37,40,43,46,49,52,55,61,64,67,70,73,76,79,82,85,88,91,94,97,100,103,106,109,112,115,118,121,130,139,145,151,157,178,181,202,217,1,218,219],"diagnostics":[]}
