{
"version":1,
"rel_path":"common/scripted_triggers/f.txt",
"defs":[
{"name":"potential","kind":"scripted_trigger","file":"common/scripted_triggers/f.txt","offset":123,"end_offset":132,"params":[]}
],
"aliases":[],
"refs":[]
}
{
"version":1,
"rel_path":"common/scripted_effects/f.txt",
"defs":[
{"name":"potential","kind":"scripted_effect","file":"common/scripted_effects/f.txt","offset":123,"end_offset":132,"params":[]}
],
"aliases":[],
"refs":[]
}
{
"version":1,
"rel_path":"common/traits/f.txt",
"defs":[
{"name":"potential","kind":"trait","file":"common/traits/f.txt","offset":123,"end_offset":132,"params":[]}
],
"aliases":[],
"refs":[]
}
{
"version":1,
"rel_path":"common/decisions/f.txt",
"defs":[
{"name":"potential","kind":"decision","file":"common/decisions/f.txt","offset":123,"end_offset":132,"params":[]}
],
"aliases":[],
"refs":[]
}
{
"version":1,
"rel_path":"common/on_action/f.txt",
"defs":[
{"name":"potential","kind":"on_action","file":"common/on_action/f.txt","offset":123,"end_offset":132,"params":[]}
],
"aliases":[],
"refs":[]
}
{
"version":1,
"rel_path":"common/landed_titles/f.txt",
"defs":[],
"aliases":[],
"refs":[]
}
{
"version":1,
"rel_path":"events/f.txt",
"defs":[
{"name":"potential","kind":"event","file":"events/f.txt","offset":123,"end_offset":132,"params":[]}
],
"aliases":[],
"refs":[]
}
{
"version":1,
"rel_path":"history/characters/f.txt",
"defs":[
{"name":"potential","kind":"character","file":"history/characters/f.txt","offset":123,"end_offset":132,"params":[]}
],
"aliases":[],
"refs":[]
}
{
"version":1,
"rel_path":"gfx/f.txt",
"defs":[],
"aliases":[],
"refs":[]
}
