{
"version":2,
"rel_path":"common/scripted_triggers/f.txt",
"defs":[
{"name":"brave","kind":"scripted_trigger","file":"common/scripted_triggers/f.txt","offset":50,"end_offset":55,"params":[]},
{"name":"craven","kind":"scripted_trigger","file":"common/scripted_triggers/f.txt","offset":108,"end_offset":114,"params":[]},
{"name":"education_diplomacy_1","kind":"scripted_trigger","file":"common/scripted_triggers/f.txt","offset":201,"end_offset":222,"params":["LEVEL","SKILL"]},
{"name":"not_a_def","kind":"namespace","file":"common/scripted_triggers/f.txt","offset":320,"end_offset":329,"params":[]}
],
"aliases":[],
"refs":[],
"constants":[],
"constant_refs":[]
}
{
"version":2,
"rel_path":"common/scripted_effects/f.txt",
"defs":[
{"name":"brave","kind":"scripted_effect","file":"common/scripted_effects/f.txt","offset":50,"end_offset":55,"params":[]},
{"name":"craven","kind":"scripted_effect","file":"common/scripted_effects/f.txt","offset":108,"end_offset":114,"params":[]},
{"name":"education_diplomacy_1","kind":"scripted_effect","file":"common/scripted_effects/f.txt","offset":201,"end_offset":222,"params":["LEVEL","SKILL"]},
{"name":"not_a_def","kind":"namespace","file":"common/scripted_effects/f.txt","offset":320,"end_offset":329,"params":[]}
],
"aliases":[],
"refs":[],
"constants":[],
"constant_refs":[]
}
{
"version":2,
"rel_path":"common/traits/f.txt",
"defs":[
{"name":"brave","kind":"trait","file":"common/traits/f.txt","offset":50,"end_offset":55,"params":[]},
{"name":"craven","kind":"trait","file":"common/traits/f.txt","offset":108,"end_offset":114,"params":[]},
{"name":"education_diplomacy_1","kind":"trait","file":"common/traits/f.txt","offset":201,"end_offset":222,"params":["LEVEL","SKILL"]},
{"name":"not_a_def","kind":"namespace","file":"common/traits/f.txt","offset":320,"end_offset":329,"params":[]}
],
"aliases":[
{"name":"personality","kind":"trait","file":"common/traits/f.txt","offset":50,"end_offset":50,"params":[]},
{"name":"personality","kind":"trait","file":"common/traits/f.txt","offset":108,"end_offset":108,"params":[]},
{"name":"fearful_family","kind":"trait","file":"common/traits/f.txt","offset":108,"end_offset":108,"params":[]},
{"name":"education_diplomacy","kind":"trait","file":"common/traits/f.txt","offset":201,"end_offset":201,"params":[]}
],
"refs":[
{"kind":"trait","name":"brave","file":"crates/pdxl-ck3/testdata/facts_traits.txt","start":191,"end":196}
],
"constants":[],
"constant_refs":[]
}
{
"version":2,
"rel_path":"common/decisions/f.txt",
"defs":[
{"name":"brave","kind":"decision","file":"common/decisions/f.txt","offset":50,"end_offset":55,"params":[]},
{"name":"craven","kind":"decision","file":"common/decisions/f.txt","offset":108,"end_offset":114,"params":[]},
{"name":"education_diplomacy_1","kind":"decision","file":"common/decisions/f.txt","offset":201,"end_offset":222,"params":["LEVEL","SKILL"]},
{"name":"not_a_def","kind":"namespace","file":"common/decisions/f.txt","offset":320,"end_offset":329,"params":[]}
],
"aliases":[],
"refs":[],
"constants":[],
"constant_refs":[]
}
{
"version":2,
"rel_path":"common/on_action/f.txt",
"defs":[
{"name":"brave","kind":"on_action","file":"common/on_action/f.txt","offset":50,"end_offset":55,"params":[]},
{"name":"craven","kind":"on_action","file":"common/on_action/f.txt","offset":108,"end_offset":114,"params":[]},
{"name":"education_diplomacy_1","kind":"on_action","file":"common/on_action/f.txt","offset":201,"end_offset":222,"params":["LEVEL","SKILL"]},
{"name":"not_a_def","kind":"namespace","file":"common/on_action/f.txt","offset":320,"end_offset":329,"params":[]}
],
"aliases":[],
"refs":[],
"constants":[],
"constant_refs":[]
}
{
"version":2,
"rel_path":"common/landed_titles/f.txt",
"defs":[
{"name":"not_a_def","kind":"namespace","file":"common/landed_titles/f.txt","offset":320,"end_offset":329,"params":[]}
],
"aliases":[],
"refs":[],
"constants":[],
"constant_refs":[]
}
{
"version":2,
"rel_path":"events/f.txt",
"defs":[
{"name":"brave","kind":"event","file":"events/f.txt","offset":50,"end_offset":55,"params":[]},
{"name":"craven","kind":"event","file":"events/f.txt","offset":108,"end_offset":114,"params":[]},
{"name":"education_diplomacy_1","kind":"event","file":"events/f.txt","offset":201,"end_offset":222,"params":["LEVEL","SKILL"]},
{"name":"not_a_def","kind":"namespace","file":"events/f.txt","offset":320,"end_offset":329,"params":[]}
],
"aliases":[],
"refs":[],
"constants":[],
"constant_refs":[]
}
{
"version":2,
"rel_path":"history/characters/f.txt",
"defs":[
{"name":"brave","kind":"character","file":"history/characters/f.txt","offset":50,"end_offset":55,"params":[]},
{"name":"craven","kind":"character","file":"history/characters/f.txt","offset":108,"end_offset":114,"params":[]},
{"name":"education_diplomacy_1","kind":"character","file":"history/characters/f.txt","offset":201,"end_offset":222,"params":["LEVEL","SKILL"]},
{"name":"not_a_def","kind":"namespace","file":"history/characters/f.txt","offset":320,"end_offset":329,"params":[]}
],
"aliases":[],
"refs":[],
"constants":[],
"constant_refs":[]
}
{
"version":2,
"rel_path":"gfx/f.txt",
"defs":[
{"name":"not_a_def","kind":"namespace","file":"gfx/f.txt","offset":320,"end_offset":329,"params":[]}
],
"aliases":[],
"refs":[],
"constants":[],
"constant_refs":[]
}
