{
"version":3,
"rel_path":"common/scripted_triggers/f.txt",
"defs":[
{"name":"effect","kind":"scripted_trigger","file":"common/scripted_triggers/f.txt","offset":44,"end_offset":50,"params":["EDUCATION","TRAIT"]},
{"name":"events","kind":"scripted_trigger","file":"common/scripted_triggers/f.txt","offset":271,"end_offset":277,"params":[]},
{"name":"first_valid","kind":"scripted_trigger","file":"common/scripted_triggers/f.txt","offset":300,"end_offset":311,"params":[]},
{"name":"on_actions","kind":"scripted_trigger","file":"common/scripted_triggers/f.txt","offset":323,"end_offset":333,"params":[]},
{"name":"random_events","kind":"scripted_trigger","file":"common/scripted_triggers/f.txt","offset":355,"end_offset":368,"params":[]}
],
"aliases":[],
"refs":[
{"kind":"trait","name":"brave","file":"crates/pdxl-ck3/testdata/facts_refs.txt","start":68,"end":73},
{"kind":"trait","name":"craven","file":"crates/pdxl-ck3/testdata/facts_refs.txt","start":90,"end":98},
{"kind":"event","name":"ns.0001","file":"crates/pdxl-ck3/testdata/facts_refs.txt","start":218,"end":225},
{"kind":"event","name":"ns.0002","file":"crates/pdxl-ck3/testdata/facts_refs.txt","start":250,"end":257}
],
"constants":[],
"constant_refs":[],
"calls":[]
}
{
"version":3,
"rel_path":"common/scripted_effects/f.txt",
"defs":[
{"name":"effect","kind":"scripted_effect","file":"common/scripted_effects/f.txt","offset":44,"end_offset":50,"params":["EDUCATION","TRAIT"]},
{"name":"events","kind":"scripted_effect","file":"common/scripted_effects/f.txt","offset":271,"end_offset":277,"params":[]},
{"name":"first_valid","kind":"scripted_effect","file":"common/scripted_effects/f.txt","offset":300,"end_offset":311,"params":[]},
{"name":"on_actions","kind":"scripted_effect","file":"common/scripted_effects/f.txt","offset":323,"end_offset":333,"params":[]},
{"name":"random_events","kind":"scripted_effect","file":"common/scripted_effects/f.txt","offset":355,"end_offset":368,"params":[]}
],
"aliases":[],
"refs":[
{"kind":"trait","name":"brave","file":"crates/pdxl-ck3/testdata/facts_refs.txt","start":68,"end":73},
{"kind":"trait","name":"craven","file":"crates/pdxl-ck3/testdata/facts_refs.txt","start":90,"end":98},
{"kind":"event","name":"ns.0001","file":"crates/pdxl-ck3/testdata/facts_refs.txt","start":218,"end":225},
{"kind":"event","name":"ns.0002","file":"crates/pdxl-ck3/testdata/facts_refs.txt","start":250,"end":257}
],
"constants":[],
"constant_refs":[],
"calls":[]
}
{
"version":3,
"rel_path":"common/traits/f.txt",
"defs":[
{"name":"effect","kind":"trait","file":"common/traits/f.txt","offset":44,"end_offset":50,"params":["EDUCATION","TRAIT"]},
{"name":"events","kind":"trait","file":"common/traits/f.txt","offset":271,"end_offset":277,"params":[]},
{"name":"first_valid","kind":"trait","file":"common/traits/f.txt","offset":300,"end_offset":311,"params":[]},
{"name":"on_actions","kind":"trait","file":"common/traits/f.txt","offset":323,"end_offset":333,"params":[]},
{"name":"random_events","kind":"trait","file":"common/traits/f.txt","offset":355,"end_offset":368,"params":[]}
],
"aliases":[],
"refs":[
{"kind":"trait","name":"brave","file":"crates/pdxl-ck3/testdata/facts_refs.txt","start":68,"end":73},
{"kind":"trait","name":"craven","file":"crates/pdxl-ck3/testdata/facts_refs.txt","start":90,"end":98},
{"kind":"event","name":"ns.0001","file":"crates/pdxl-ck3/testdata/facts_refs.txt","start":218,"end":225},
{"kind":"event","name":"ns.0002","file":"crates/pdxl-ck3/testdata/facts_refs.txt","start":250,"end":257}
],
"constants":[],
"constant_refs":[],
"calls":[]
}
{
"version":3,
"rel_path":"common/decisions/f.txt",
"defs":[
{"name":"effect","kind":"decision","file":"common/decisions/f.txt","offset":44,"end_offset":50,"params":["EDUCATION","TRAIT"]},
{"name":"events","kind":"decision","file":"common/decisions/f.txt","offset":271,"end_offset":277,"params":[]},
{"name":"first_valid","kind":"decision","file":"common/decisions/f.txt","offset":300,"end_offset":311,"params":[]},
{"name":"on_actions","kind":"decision","file":"common/decisions/f.txt","offset":323,"end_offset":333,"params":[]},
{"name":"random_events","kind":"decision","file":"common/decisions/f.txt","offset":355,"end_offset":368,"params":[]}
],
"aliases":[],
"refs":[
{"kind":"trait","name":"brave","file":"crates/pdxl-ck3/testdata/facts_refs.txt","start":68,"end":73},
{"kind":"trait","name":"craven","file":"crates/pdxl-ck3/testdata/facts_refs.txt","start":90,"end":98},
{"kind":"event","name":"ns.0001","file":"crates/pdxl-ck3/testdata/facts_refs.txt","start":218,"end":225},
{"kind":"event","name":"ns.0002","file":"crates/pdxl-ck3/testdata/facts_refs.txt","start":250,"end":257}
],
"constants":[],
"constant_refs":[],
"calls":[]
}
{
"version":3,
"rel_path":"common/on_action/f.txt",
"defs":[
{"name":"effect","kind":"on_action","file":"common/on_action/f.txt","offset":44,"end_offset":50,"params":["EDUCATION","TRAIT"]},
{"name":"events","kind":"on_action","file":"common/on_action/f.txt","offset":271,"end_offset":277,"params":[]},
{"name":"first_valid","kind":"on_action","file":"common/on_action/f.txt","offset":300,"end_offset":311,"params":[]},
{"name":"on_actions","kind":"on_action","file":"common/on_action/f.txt","offset":323,"end_offset":333,"params":[]},
{"name":"random_events","kind":"on_action","file":"common/on_action/f.txt","offset":355,"end_offset":368,"params":[]}
],
"aliases":[],
"refs":[
{"kind":"trait","name":"brave","file":"crates/pdxl-ck3/testdata/facts_refs.txt","start":68,"end":73},
{"kind":"trait","name":"craven","file":"crates/pdxl-ck3/testdata/facts_refs.txt","start":90,"end":98},
{"kind":"event","name":"ns.0001","file":"crates/pdxl-ck3/testdata/facts_refs.txt","start":218,"end":225},
{"kind":"event","name":"ns.0002","file":"crates/pdxl-ck3/testdata/facts_refs.txt","start":250,"end":257},
{"kind":"event","name":"loose.1","file":"crates/pdxl-ck3/testdata/facts_refs.txt","start":282,"end":289},
{"kind":"event","name":"loose.2","file":"crates/pdxl-ck3/testdata/facts_refs.txt","start":290,"end":297},
{"kind":"event","name":"fv.1","file":"crates/pdxl-ck3/testdata/facts_refs.txt","start":316,"end":320},
{"kind":"on_action","name":"chained_action","file":"crates/pdxl-ck3/testdata/facts_refs.txt","start":338,"end":352},
{"kind":"event","name":"weighted.1","file":"crates/pdxl-ck3/testdata/facts_refs.txt","start":388,"end":398},
{"kind":"event","name":"weighted.2","file":"crates/pdxl-ck3/testdata/facts_refs.txt","start":428,"end":438}
],
"constants":[],
"constant_refs":[],
"calls":[]
}
{
"version":3,
"rel_path":"common/landed_titles/f.txt",
"defs":[],
"aliases":[],
"refs":[
{"kind":"trait","name":"brave","file":"crates/pdxl-ck3/testdata/facts_refs.txt","start":68,"end":73},
{"kind":"trait","name":"craven","file":"crates/pdxl-ck3/testdata/facts_refs.txt","start":90,"end":98},
{"kind":"event","name":"ns.0001","file":"crates/pdxl-ck3/testdata/facts_refs.txt","start":218,"end":225},
{"kind":"event","name":"ns.0002","file":"crates/pdxl-ck3/testdata/facts_refs.txt","start":250,"end":257}
],
"constants":[],
"constant_refs":[],
"calls":[]
}
{
"version":3,
"rel_path":"events/f.txt",
"defs":[
{"name":"effect","kind":"event","file":"events/f.txt","offset":44,"end_offset":50,"params":["EDUCATION","TRAIT"]},
{"name":"events","kind":"event","file":"events/f.txt","offset":271,"end_offset":277,"params":[]},
{"name":"first_valid","kind":"event","file":"events/f.txt","offset":300,"end_offset":311,"params":[]},
{"name":"on_actions","kind":"event","file":"events/f.txt","offset":323,"end_offset":333,"params":[]},
{"name":"random_events","kind":"event","file":"events/f.txt","offset":355,"end_offset":368,"params":[]}
],
"aliases":[],
"refs":[
{"kind":"trait","name":"brave","file":"crates/pdxl-ck3/testdata/facts_refs.txt","start":68,"end":73},
{"kind":"trait","name":"craven","file":"crates/pdxl-ck3/testdata/facts_refs.txt","start":90,"end":98},
{"kind":"event","name":"ns.0001","file":"crates/pdxl-ck3/testdata/facts_refs.txt","start":218,"end":225},
{"kind":"event","name":"ns.0002","file":"crates/pdxl-ck3/testdata/facts_refs.txt","start":250,"end":257}
],
"constants":[],
"constant_refs":[],
"calls":[]
}
{
"version":3,
"rel_path":"history/characters/f.txt",
"defs":[
{"name":"effect","kind":"character","file":"history/characters/f.txt","offset":44,"end_offset":50,"params":["EDUCATION","TRAIT"]},
{"name":"events","kind":"character","file":"history/characters/f.txt","offset":271,"end_offset":277,"params":[]},
{"name":"first_valid","kind":"character","file":"history/characters/f.txt","offset":300,"end_offset":311,"params":[]},
{"name":"on_actions","kind":"character","file":"history/characters/f.txt","offset":323,"end_offset":333,"params":[]},
{"name":"random_events","kind":"character","file":"history/characters/f.txt","offset":355,"end_offset":368,"params":[]}
],
"aliases":[],
"refs":[
{"kind":"trait","name":"brave","file":"crates/pdxl-ck3/testdata/facts_refs.txt","start":68,"end":73},
{"kind":"trait","name":"craven","file":"crates/pdxl-ck3/testdata/facts_refs.txt","start":90,"end":98},
{"kind":"event","name":"ns.0001","file":"crates/pdxl-ck3/testdata/facts_refs.txt","start":218,"end":225},
{"kind":"event","name":"ns.0002","file":"crates/pdxl-ck3/testdata/facts_refs.txt","start":250,"end":257}
],
"constants":[],
"constant_refs":[],
"calls":[]
}
{
"version":3,
"rel_path":"gfx/f.txt",
"defs":[],
"aliases":[],
"refs":[
{"kind":"trait","name":"brave","file":"crates/pdxl-ck3/testdata/facts_refs.txt","start":68,"end":73},
{"kind":"trait","name":"craven","file":"crates/pdxl-ck3/testdata/facts_refs.txt","start":90,"end":98},
{"kind":"event","name":"ns.0001","file":"crates/pdxl-ck3/testdata/facts_refs.txt","start":218,"end":225},
{"kind":"event","name":"ns.0002","file":"crates/pdxl-ck3/testdata/facts_refs.txt","start":250,"end":257}
],
"constants":[],
"constant_refs":[],
"calls":[]
}
