{
"version":1,
"rel_path":"common/scripted_triggers/f.txt",
"defs":[
{"name":"compagna_communis_ianuensis","kind":"scripted_trigger","file":"common/scripted_triggers/f.txt","offset":247,"end_offset":274,"params":[]}
],
"aliases":[],
"refs":[
{"kind":"situation_type","name":"guelphs_and_ghibellines","file":"testdata/international_organization.txt","start":11532,"end":11555}
]
}
{
"version":1,
"rel_path":"common/scripted_effects/f.txt",
"defs":[
{"name":"compagna_communis_ianuensis","kind":"scripted_effect","file":"common/scripted_effects/f.txt","offset":247,"end_offset":274,"params":[]}
],
"aliases":[],
"refs":[
{"kind":"situation_type","name":"guelphs_and_ghibellines","file":"testdata/international_organization.txt","start":11532,"end":11555}
]
}
{
"version":1,
"rel_path":"common/traits/f.txt",
"defs":[
{"name":"compagna_communis_ianuensis","kind":"trait","file":"common/traits/f.txt","offset":247,"end_offset":274,"params":[]}
],
"aliases":[],
"refs":[
{"kind":"situation_type","name":"guelphs_and_ghibellines","file":"testdata/international_organization.txt","start":11532,"end":11555}
]
}
{
"version":1,
"rel_path":"common/decisions/f.txt",
"defs":[
{"name":"compagna_communis_ianuensis","kind":"decision","file":"common/decisions/f.txt","offset":247,"end_offset":274,"params":[]}
],
"aliases":[],
"refs":[
{"kind":"loc_key","name":"SEAT_OF_THE_COMPAGNA","file":"testdata/international_organization.txt","start":1829,"end":1851},
{"kind":"loc_key","name":"TRADE_POWER","file":"testdata/international_organization.txt","start":1896,"end":1909},
{"kind":"loc_key","name":"STABLE_LEADERSHIP","file":"testdata/international_organization.txt","start":10678,"end":10697},
{"kind":"loc_key","name":"TRADE_PROSPERITY","file":"testdata/international_organization.txt","start":10956,"end":10974},
{"kind":"loc_key","name":"COMPACT_ORGANIZATION","file":"testdata/international_organization.txt","start":11227,"end":11249},
{"kind":"loc_key","name":"guelphs_and_ghibellines","file":"testdata/international_organization.txt","start":11439,"end":11464},
{"kind":"situation_type","name":"guelphs_and_ghibellines","file":"testdata/international_organization.txt","start":11532,"end":11555},
{"kind":"loc_key","name":"LEADER_AT_WAR","file":"testdata/international_organization.txt","start":12048,"end":12063},
{"kind":"loc_key","name":"NO_LEADERSHIP","file":"testdata/international_organization.txt","start":12947,"end":12962},
{"kind":"loc_key","name":"IS_GENOESE_SUBJECT","file":"testdata/international_organization.txt","start":20154,"end":20174},
{"kind":"loc_key","name":"OPINION_OF_GENOA","file":"testdata/international_organization.txt","start":20268,"end":20286},
{"kind":"loc_key","name":"IS_AT_WAR","file":"testdata/international_organization.txt","start":20418,"end":20429},
{"kind":"loc_key","name":"BASE_DESIRE","file":"testdata/international_organization.txt","start":20554,"end":20567},
{"kind":"loc_key","name":"COMPAGNA_SOLIDARITY","file":"testdata/international_organization.txt","start":20953,"end":20974},
{"kind":"loc_key","name":"LOW_COMMUNAL_UNITY","file":"testdata/international_organization.txt","start":21093,"end":21113}
]
}
{
"version":1,
"rel_path":"common/on_action/f.txt",
"defs":[
{"name":"compagna_communis_ianuensis","kind":"on_action","file":"common/on_action/f.txt","offset":247,"end_offset":274,"params":[]}
],
"aliases":[],
"refs":[
{"kind":"situation_type","name":"guelphs_and_ghibellines","file":"testdata/international_organization.txt","start":11532,"end":11555}
]
}
{
"version":1,
"rel_path":"common/landed_titles/f.txt",
"defs":[],
"aliases":[],
"refs":[
{"kind":"situation_type","name":"guelphs_and_ghibellines","file":"testdata/international_organization.txt","start":11532,"end":11555}
]
}
{
"version":1,
"rel_path":"events/f.txt",
"defs":[
{"name":"compagna_communis_ianuensis","kind":"event","file":"events/f.txt","offset":247,"end_offset":274,"params":[]}
],
"aliases":[],
"refs":[
{"kind":"loc_key","name":"SEAT_OF_THE_COMPAGNA","file":"testdata/international_organization.txt","start":1829,"end":1851},
{"kind":"loc_key","name":"TRADE_POWER","file":"testdata/international_organization.txt","start":1896,"end":1909},
{"kind":"loc_key","name":"STABLE_LEADERSHIP","file":"testdata/international_organization.txt","start":10678,"end":10697},
{"kind":"loc_key","name":"TRADE_PROSPERITY","file":"testdata/international_organization.txt","start":10956,"end":10974},
{"kind":"loc_key","name":"COMPACT_ORGANIZATION","file":"testdata/international_organization.txt","start":11227,"end":11249},
{"kind":"loc_key","name":"guelphs_and_ghibellines","file":"testdata/international_organization.txt","start":11439,"end":11464},
{"kind":"situation_type","name":"guelphs_and_ghibellines","file":"testdata/international_organization.txt","start":11532,"end":11555},
{"kind":"loc_key","name":"LEADER_AT_WAR","file":"testdata/international_organization.txt","start":12048,"end":12063},
{"kind":"loc_key","name":"NO_LEADERSHIP","file":"testdata/international_organization.txt","start":12947,"end":12962},
{"kind":"loc_key","name":"IS_GENOESE_SUBJECT","file":"testdata/international_organization.txt","start":20154,"end":20174},
{"kind":"loc_key","name":"OPINION_OF_GENOA","file":"testdata/international_organization.txt","start":20268,"end":20286},
{"kind":"loc_key","name":"IS_AT_WAR","file":"testdata/international_organization.txt","start":20418,"end":20429},
{"kind":"loc_key","name":"BASE_DESIRE","file":"testdata/international_organization.txt","start":20554,"end":20567},
{"kind":"loc_key","name":"COMPAGNA_SOLIDARITY","file":"testdata/international_organization.txt","start":20953,"end":20974},
{"kind":"loc_key","name":"LOW_COMMUNAL_UNITY","file":"testdata/international_organization.txt","start":21093,"end":21113}
]
}
{
"version":1,
"rel_path":"history/characters/f.txt",
"defs":[
{"name":"compagna_communis_ianuensis","kind":"character","file":"history/characters/f.txt","offset":247,"end_offset":274,"params":[]}
],
"aliases":[],
"refs":[
{"kind":"situation_type","name":"guelphs_and_ghibellines","file":"testdata/international_organization.txt","start":11532,"end":11555}
]
}
{
"version":1,
"rel_path":"gfx/f.txt",
"defs":[],
"aliases":[],
"refs":[
{"kind":"situation_type","name":"guelphs_and_ghibellines","file":"testdata/international_organization.txt","start":11532,"end":11555}
]
}
