{
"version":3,
"rel_path":"common/scripted_triggers/f.txt",
"defs":[
{"name":"cci_superba_can_participate_in_parliament","kind":"scripted_trigger","file":"common/scripted_triggers/f.txt","offset":774,"end_offset":815,"params":[]},
{"name":"cci_superba_agenda_impact","kind":"scripted_trigger","file":"common/scripted_triggers/f.txt","offset":887,"end_offset":912,"params":[]},
{"name":"cci_ghazaria_can_participate_in_parliament","kind":"scripted_trigger","file":"common/scripted_triggers/f.txt","offset":984,"end_offset":1026,"params":[]},
{"name":"cci_ghazaria_agenda_impact","kind":"scripted_trigger","file":"common/scripted_triggers/f.txt","offset":1098,"end_offset":1124,"params":[]},
{"name":"cci_state_bank_can_participate_in_parliament","kind":"scripted_trigger","file":"common/scripted_triggers/f.txt","offset":1196,"end_offset":1240,"params":[]},
{"name":"cci_state_bank_agenda_impact","kind":"scripted_trigger","file":"common/scripted_triggers/f.txt","offset":1312,"end_offset":1340,"params":[]},
{"name":"cci_maona_can_participate_in_parliament","kind":"scripted_trigger","file":"common/scripted_triggers/f.txt","offset":1412,"end_offset":1451,"params":[]},
{"name":"cci_maona_agenda_impact","kind":"scripted_trigger","file":"common/scripted_triggers/f.txt","offset":1523,"end_offset":1546,"params":[]}
],
"aliases":[],
"refs":[],
"constants":[],
"constant_refs":[],
"calls":[]
}
{
"version":3,
"rel_path":"common/scripted_effects/f.txt",
"defs":[
{"name":"cci_superba_can_participate_in_parliament","kind":"scripted_effect","file":"common/scripted_effects/f.txt","offset":774,"end_offset":815,"params":[]},
{"name":"cci_superba_agenda_impact","kind":"scripted_effect","file":"common/scripted_effects/f.txt","offset":887,"end_offset":912,"params":[]},
{"name":"cci_ghazaria_can_participate_in_parliament","kind":"scripted_effect","file":"common/scripted_effects/f.txt","offset":984,"end_offset":1026,"params":[]},
{"name":"cci_ghazaria_agenda_impact","kind":"scripted_effect","file":"common/scripted_effects/f.txt","offset":1098,"end_offset":1124,"params":[]},
{"name":"cci_state_bank_can_participate_in_parliament","kind":"scripted_effect","file":"common/scripted_effects/f.txt","offset":1196,"end_offset":1240,"params":[]},
{"name":"cci_state_bank_agenda_impact","kind":"scripted_effect","file":"common/scripted_effects/f.txt","offset":1312,"end_offset":1340,"params":[]},
{"name":"cci_maona_can_participate_in_parliament","kind":"scripted_effect","file":"common/scripted_effects/f.txt","offset":1412,"end_offset":1451,"params":[]},
{"name":"cci_maona_agenda_impact","kind":"scripted_effect","file":"common/scripted_effects/f.txt","offset":1523,"end_offset":1546,"params":[]}
],
"aliases":[],
"refs":[],
"constants":[],
"constant_refs":[],
"calls":[]
}
{
"version":3,
"rel_path":"common/traits/f.txt",
"defs":[
{"name":"cci_superba_can_participate_in_parliament","kind":"trait","file":"common/traits/f.txt","offset":774,"end_offset":815,"params":[]},
{"name":"cci_superba_agenda_impact","kind":"trait","file":"common/traits/f.txt","offset":887,"end_offset":912,"params":[]},
{"name":"cci_ghazaria_can_participate_in_parliament","kind":"trait","file":"common/traits/f.txt","offset":984,"end_offset":1026,"params":[]},
{"name":"cci_ghazaria_agenda_impact","kind":"trait","file":"common/traits/f.txt","offset":1098,"end_offset":1124,"params":[]},
{"name":"cci_state_bank_can_participate_in_parliament","kind":"trait","file":"common/traits/f.txt","offset":1196,"end_offset":1240,"params":[]},
{"name":"cci_state_bank_agenda_impact","kind":"trait","file":"common/traits/f.txt","offset":1312,"end_offset":1340,"params":[]},
{"name":"cci_maona_can_participate_in_parliament","kind":"trait","file":"common/traits/f.txt","offset":1412,"end_offset":1451,"params":[]},
{"name":"cci_maona_agenda_impact","kind":"trait","file":"common/traits/f.txt","offset":1523,"end_offset":1546,"params":[]}
],
"aliases":[],
"refs":[],
"constants":[],
"constant_refs":[],
"calls":[]
}
{
"version":3,
"rel_path":"common/decisions/f.txt",
"defs":[
{"name":"cci_superba_can_participate_in_parliament","kind":"decision","file":"common/decisions/f.txt","offset":774,"end_offset":815,"params":[]},
{"name":"cci_superba_agenda_impact","kind":"decision","file":"common/decisions/f.txt","offset":887,"end_offset":912,"params":[]},
{"name":"cci_ghazaria_can_participate_in_parliament","kind":"decision","file":"common/decisions/f.txt","offset":984,"end_offset":1026,"params":[]},
{"name":"cci_ghazaria_agenda_impact","kind":"decision","file":"common/decisions/f.txt","offset":1098,"end_offset":1124,"params":[]},
{"name":"cci_state_bank_can_participate_in_parliament","kind":"decision","file":"common/decisions/f.txt","offset":1196,"end_offset":1240,"params":[]},
{"name":"cci_state_bank_agenda_impact","kind":"decision","file":"common/decisions/f.txt","offset":1312,"end_offset":1340,"params":[]},
{"name":"cci_maona_can_participate_in_parliament","kind":"decision","file":"common/decisions/f.txt","offset":1412,"end_offset":1451,"params":[]},
{"name":"cci_maona_agenda_impact","kind":"decision","file":"common/decisions/f.txt","offset":1523,"end_offset":1546,"params":[]}
],
"aliases":[],
"refs":[],
"constants":[],
"constant_refs":[],
"calls":[]
}
{
"version":3,
"rel_path":"common/on_action/f.txt",
"defs":[
{"name":"cci_superba_can_participate_in_parliament","kind":"on_action","file":"common/on_action/f.txt","offset":774,"end_offset":815,"params":[]},
{"name":"cci_superba_agenda_impact","kind":"on_action","file":"common/on_action/f.txt","offset":887,"end_offset":912,"params":[]},
{"name":"cci_ghazaria_can_participate_in_parliament","kind":"on_action","file":"common/on_action/f.txt","offset":984,"end_offset":1026,"params":[]},
{"name":"cci_ghazaria_agenda_impact","kind":"on_action","file":"common/on_action/f.txt","offset":1098,"end_offset":1124,"params":[]},
{"name":"cci_state_bank_can_participate_in_parliament","kind":"on_action","file":"common/on_action/f.txt","offset":1196,"end_offset":1240,"params":[]},
{"name":"cci_state_bank_agenda_impact","kind":"on_action","file":"common/on_action/f.txt","offset":1312,"end_offset":1340,"params":[]},
{"name":"cci_maona_can_participate_in_parliament","kind":"on_action","file":"common/on_action/f.txt","offset":1412,"end_offset":1451,"params":[]},
{"name":"cci_maona_agenda_impact","kind":"on_action","file":"common/on_action/f.txt","offset":1523,"end_offset":1546,"params":[]}
],
"aliases":[],
"refs":[],
"constants":[],
"constant_refs":[],
"calls":[]
}
{
"version":3,
"rel_path":"common/landed_titles/f.txt",
"defs":[],
"aliases":[],
"refs":[],
"constants":[],
"constant_refs":[],
"calls":[]
}
{
"version":3,
"rel_path":"events/f.txt",
"defs":[
{"name":"cci_superba_can_participate_in_parliament","kind":"event","file":"events/f.txt","offset":774,"end_offset":815,"params":[]},
{"name":"cci_superba_agenda_impact","kind":"event","file":"events/f.txt","offset":887,"end_offset":912,"params":[]},
{"name":"cci_ghazaria_can_participate_in_parliament","kind":"event","file":"events/f.txt","offset":984,"end_offset":1026,"params":[]},
{"name":"cci_ghazaria_agenda_impact","kind":"event","file":"events/f.txt","offset":1098,"end_offset":1124,"params":[]},
{"name":"cci_state_bank_can_participate_in_parliament","kind":"event","file":"events/f.txt","offset":1196,"end_offset":1240,"params":[]},
{"name":"cci_state_bank_agenda_impact","kind":"event","file":"events/f.txt","offset":1312,"end_offset":1340,"params":[]},
{"name":"cci_maona_can_participate_in_parliament","kind":"event","file":"events/f.txt","offset":1412,"end_offset":1451,"params":[]},
{"name":"cci_maona_agenda_impact","kind":"event","file":"events/f.txt","offset":1523,"end_offset":1546,"params":[]}
],
"aliases":[],
"refs":[],
"constants":[],
"constant_refs":[],
"calls":[]
}
{
"version":3,
"rel_path":"history/characters/f.txt",
"defs":[
{"name":"cci_superba_can_participate_in_parliament","kind":"character","file":"history/characters/f.txt","offset":774,"end_offset":815,"params":[]},
{"name":"cci_superba_agenda_impact","kind":"character","file":"history/characters/f.txt","offset":887,"end_offset":912,"params":[]},
{"name":"cci_ghazaria_can_participate_in_parliament","kind":"character","file":"history/characters/f.txt","offset":984,"end_offset":1026,"params":[]},
{"name":"cci_ghazaria_agenda_impact","kind":"character","file":"history/characters/f.txt","offset":1098,"end_offset":1124,"params":[]},
{"name":"cci_state_bank_can_participate_in_parliament","kind":"character","file":"history/characters/f.txt","offset":1196,"end_offset":1240,"params":[]},
{"name":"cci_state_bank_agenda_impact","kind":"character","file":"history/characters/f.txt","offset":1312,"end_offset":1340,"params":[]},
{"name":"cci_maona_can_participate_in_parliament","kind":"character","file":"history/characters/f.txt","offset":1412,"end_offset":1451,"params":[]},
{"name":"cci_maona_agenda_impact","kind":"character","file":"history/characters/f.txt","offset":1523,"end_offset":1546,"params":[]}
],
"aliases":[],
"refs":[],
"constants":[],
"constant_refs":[],
"calls":[]
}
{
"version":3,
"rel_path":"gfx/f.txt",
"defs":[],
"aliases":[],
"refs":[],
"constants":[],
"constant_refs":[],
"calls":[]
}
