{
"version":1,
"rel_path":"common/scripted_triggers/f.txt",
"defs":[
{"name":"allow_naming_on_birth_of_dynasty_child_trigger","kind":"scripted_trigger","file":"common/scripted_triggers/f.txt","offset":20,"end_offset":66,"params":["CHILD"]}
],
"aliases":[],
"refs":[]
}
{
"version":1,
"rel_path":"common/scripted_effects/f.txt",
"defs":[
{"name":"allow_naming_on_birth_of_dynasty_child_trigger","kind":"scripted_trigger","file":"common/scripted_effects/f.txt","offset":20,"end_offset":66,"params":["CHILD"]}
],
"aliases":[],
"refs":[]
}
{
"version":1,
"rel_path":"common/traits/f.txt",
"defs":[
{"name":"allow_naming_on_birth_of_dynasty_child_trigger","kind":"scripted_trigger","file":"common/traits/f.txt","offset":20,"end_offset":66,"params":["CHILD"]}
],
"aliases":[],
"refs":[]
}
{
"version":1,
"rel_path":"common/decisions/f.txt",
"defs":[
{"name":"allow_naming_on_birth_of_dynasty_child_trigger","kind":"scripted_trigger","file":"common/decisions/f.txt","offset":20,"end_offset":66,"params":["CHILD"]}
],
"aliases":[],
"refs":[]
}
{
"version":1,
"rel_path":"common/on_action/f.txt",
"defs":[
{"name":"allow_naming_on_birth_of_dynasty_child_trigger","kind":"scripted_trigger","file":"common/on_action/f.txt","offset":20,"end_offset":66,"params":["CHILD"]}
],
"aliases":[],
"refs":[]
}
{
"version":1,
"rel_path":"common/landed_titles/f.txt",
"defs":[
{"name":"allow_naming_on_birth_of_dynasty_child_trigger","kind":"scripted_trigger","file":"common/landed_titles/f.txt","offset":20,"end_offset":66,"params":["CHILD"]}
],
"aliases":[],
"refs":[]
}
{
"version":1,
"rel_path":"events/f.txt",
"defs":[
{"name":"allow_naming_on_birth_of_dynasty_child_trigger","kind":"scripted_trigger","file":"events/f.txt","offset":20,"end_offset":66,"params":["CHILD"]}
],
"aliases":[],
"refs":[]
}
{
"version":1,
"rel_path":"history/characters/f.txt",
"defs":[
{"name":"allow_naming_on_birth_of_dynasty_child_trigger","kind":"scripted_trigger","file":"history/characters/f.txt","offset":20,"end_offset":66,"params":["CHILD"]}
],
"aliases":[],
"refs":[]
}
{
"version":1,
"rel_path":"gfx/f.txt",
"defs":[
{"name":"allow_naming_on_birth_of_dynasty_child_trigger","kind":"scripted_trigger","file":"gfx/f.txt","offset":20,"end_offset":66,"params":["CHILD"]}
],
"aliases":[],
"refs":[]
}
