{
"version":3,
"rel_path":"common/scripted_triggers/f.txt",
"defs":[
{"name":"my_fx","kind":"scripted_effect","file":"common/scripted_triggers/f.txt","offset":388,"end_offset":393,"params":[]},
{"name":"other","kind":"scripted_trigger","file":"common/scripted_triggers/f.txt","offset":563,"end_offset":568,"params":[]}
],
"aliases":[],
"refs":[],
"constants":[],
"constant_refs":[],
"calls":[
{"kind":"doc_ref","name":"brave","file":"crates/pdxl-lexer/testdata/smart_doc.txt","start":97,"end":102},
{"kind":"scripted_effect","name":"my_fx","file":"crates/pdxl-lexer/testdata/smart_doc.txt","start":133,"end":138},
{"kind":"doc_ref","name":"brave","file":"crates/pdxl-lexer/testdata/smart_doc.txt","start":453,"end":458}
]
}
{
"version":3,
"rel_path":"common/scripted_effects/f.txt",
"defs":[
{"name":"my_fx","kind":"scripted_effect","file":"common/scripted_effects/f.txt","offset":388,"end_offset":393,"params":[]},
{"name":"other","kind":"scripted_effect","file":"common/scripted_effects/f.txt","offset":563,"end_offset":568,"params":[]}
],
"aliases":[],
"refs":[],
"constants":[],
"constant_refs":[],
"calls":[
{"kind":"doc_ref","name":"brave","file":"crates/pdxl-lexer/testdata/smart_doc.txt","start":97,"end":102},
{"kind":"scripted_effect","name":"my_fx","file":"crates/pdxl-lexer/testdata/smart_doc.txt","start":133,"end":138},
{"kind":"doc_ref","name":"brave","file":"crates/pdxl-lexer/testdata/smart_doc.txt","start":453,"end":458}
]
}
{
"version":3,
"rel_path":"common/traits/f.txt",
"defs":[
{"name":"my_fx","kind":"scripted_effect","file":"common/traits/f.txt","offset":388,"end_offset":393,"params":[]},
{"name":"other","kind":"trait","file":"common/traits/f.txt","offset":563,"end_offset":568,"params":[]}
],
"aliases":[],
"refs":[],
"constants":[],
"constant_refs":[],
"calls":[
{"kind":"doc_ref","name":"brave","file":"crates/pdxl-lexer/testdata/smart_doc.txt","start":97,"end":102},
{"kind":"scripted_effect","name":"my_fx","file":"crates/pdxl-lexer/testdata/smart_doc.txt","start":133,"end":138},
{"kind":"doc_ref","name":"brave","file":"crates/pdxl-lexer/testdata/smart_doc.txt","start":453,"end":458}
]
}
{
"version":3,
"rel_path":"common/decisions/f.txt",
"defs":[
{"name":"my_fx","kind":"scripted_effect","file":"common/decisions/f.txt","offset":388,"end_offset":393,"params":[]},
{"name":"other","kind":"decision","file":"common/decisions/f.txt","offset":563,"end_offset":568,"params":[]}
],
"aliases":[],
"refs":[],
"constants":[],
"constant_refs":[],
"calls":[
{"kind":"doc_ref","name":"brave","file":"crates/pdxl-lexer/testdata/smart_doc.txt","start":97,"end":102},
{"kind":"scripted_effect","name":"my_fx","file":"crates/pdxl-lexer/testdata/smart_doc.txt","start":133,"end":138},
{"kind":"doc_ref","name":"brave","file":"crates/pdxl-lexer/testdata/smart_doc.txt","start":453,"end":458}
]
}
{
"version":3,
"rel_path":"common/on_action/f.txt",
"defs":[
{"name":"my_fx","kind":"scripted_effect","file":"common/on_action/f.txt","offset":388,"end_offset":393,"params":[]},
{"name":"other","kind":"on_action","file":"common/on_action/f.txt","offset":563,"end_offset":568,"params":[]}
],
"aliases":[],
"refs":[],
"constants":[],
"constant_refs":[],
"calls":[
{"kind":"doc_ref","name":"brave","file":"crates/pdxl-lexer/testdata/smart_doc.txt","start":97,"end":102},
{"kind":"scripted_effect","name":"my_fx","file":"crates/pdxl-lexer/testdata/smart_doc.txt","start":133,"end":138},
{"kind":"doc_ref","name":"brave","file":"crates/pdxl-lexer/testdata/smart_doc.txt","start":453,"end":458}
]
}
{
"version":3,
"rel_path":"common/landed_titles/f.txt",
"defs":[
{"name":"my_fx","kind":"scripted_effect","file":"common/landed_titles/f.txt","offset":388,"end_offset":393,"params":[]}
],
"aliases":[],
"refs":[],
"constants":[],
"constant_refs":[],
"calls":[
{"kind":"doc_ref","name":"brave","file":"crates/pdxl-lexer/testdata/smart_doc.txt","start":97,"end":102},
{"kind":"scripted_effect","name":"my_fx","file":"crates/pdxl-lexer/testdata/smart_doc.txt","start":133,"end":138},
{"kind":"doc_ref","name":"brave","file":"crates/pdxl-lexer/testdata/smart_doc.txt","start":453,"end":458}
]
}
{
"version":3,
"rel_path":"events/f.txt",
"defs":[
{"name":"my_fx","kind":"scripted_effect","file":"events/f.txt","offset":388,"end_offset":393,"params":[]},
{"name":"other","kind":"event","file":"events/f.txt","offset":563,"end_offset":568,"params":[]}
],
"aliases":[],
"refs":[],
"constants":[],
"constant_refs":[],
"calls":[
{"kind":"doc_ref","name":"brave","file":"crates/pdxl-lexer/testdata/smart_doc.txt","start":97,"end":102},
{"kind":"scripted_effect","name":"my_fx","file":"crates/pdxl-lexer/testdata/smart_doc.txt","start":133,"end":138},
{"kind":"doc_ref","name":"brave","file":"crates/pdxl-lexer/testdata/smart_doc.txt","start":453,"end":458}
]
}
{
"version":3,
"rel_path":"history/characters/f.txt",
"defs":[
{"name":"my_fx","kind":"scripted_effect","file":"history/characters/f.txt","offset":388,"end_offset":393,"params":[]},
{"name":"other","kind":"character","file":"history/characters/f.txt","offset":563,"end_offset":568,"params":[]}
],
"aliases":[],
"refs":[],
"constants":[],
"constant_refs":[],
"calls":[
{"kind":"doc_ref","name":"brave","file":"crates/pdxl-lexer/testdata/smart_doc.txt","start":97,"end":102},
{"kind":"scripted_effect","name":"my_fx","file":"crates/pdxl-lexer/testdata/smart_doc.txt","start":133,"end":138},
{"kind":"doc_ref","name":"brave","file":"crates/pdxl-lexer/testdata/smart_doc.txt","start":453,"end":458}
]
}
{
"version":3,
"rel_path":"gfx/f.txt",
"defs":[
{"name":"my_fx","kind":"scripted_effect","file":"gfx/f.txt","offset":388,"end_offset":393,"params":[]}
],
"aliases":[],
"refs":[],
"constants":[],
"constant_refs":[],
"calls":[
{"kind":"doc_ref","name":"brave","file":"crates/pdxl-lexer/testdata/smart_doc.txt","start":97,"end":102},
{"kind":"scripted_effect","name":"my_fx","file":"crates/pdxl-lexer/testdata/smart_doc.txt","start":133,"end":138},
{"kind":"doc_ref","name":"brave","file":"crates/pdxl-lexer/testdata/smart_doc.txt","start":453,"end":458}
]
}
