{
"version":1,
"rel_path":"common/scripted_triggers/f.txt",
"defs":[
{"name":"e_empire","kind":"scripted_trigger","file":"common/scripted_triggers/f.txt","offset":80,"end_offset":88,"params":[]},
{"name":"k_titular","kind":"scripted_trigger","file":"common/scripted_triggers/f.txt","offset":545,"end_offset":554,"params":[]},
{"name":"h_hegemony","kind":"scripted_trigger","file":"common/scripted_triggers/f.txt","offset":579,"end_offset":589,"params":[]}
],
"aliases":[],
"refs":[]
}
{
"version":1,
"rel_path":"common/scripted_effects/f.txt",
"defs":[
{"name":"e_empire","kind":"scripted_effect","file":"common/scripted_effects/f.txt","offset":80,"end_offset":88,"params":[]},
{"name":"k_titular","kind":"scripted_effect","file":"common/scripted_effects/f.txt","offset":545,"end_offset":554,"params":[]},
{"name":"h_hegemony","kind":"scripted_effect","file":"common/scripted_effects/f.txt","offset":579,"end_offset":589,"params":[]}
],
"aliases":[],
"refs":[]
}
{
"version":1,
"rel_path":"common/traits/f.txt",
"defs":[
{"name":"e_empire","kind":"trait","file":"common/traits/f.txt","offset":80,"end_offset":88,"params":[]},
{"name":"k_titular","kind":"trait","file":"common/traits/f.txt","offset":545,"end_offset":554,"params":[]},
{"name":"h_hegemony","kind":"trait","file":"common/traits/f.txt","offset":579,"end_offset":589,"params":[]}
],
"aliases":[],
"refs":[]
}
{
"version":1,
"rel_path":"common/decisions/f.txt",
"defs":[
{"name":"e_empire","kind":"decision","file":"common/decisions/f.txt","offset":80,"end_offset":88,"params":[]},
{"name":"k_titular","kind":"decision","file":"common/decisions/f.txt","offset":545,"end_offset":554,"params":[]},
{"name":"h_hegemony","kind":"decision","file":"common/decisions/f.txt","offset":579,"end_offset":589,"params":[]}
],
"aliases":[],
"refs":[]
}
{
"version":1,
"rel_path":"common/on_action/f.txt",
"defs":[
{"name":"e_empire","kind":"on_action","file":"common/on_action/f.txt","offset":80,"end_offset":88,"params":[]},
{"name":"k_titular","kind":"on_action","file":"common/on_action/f.txt","offset":545,"end_offset":554,"params":[]},
{"name":"h_hegemony","kind":"on_action","file":"common/on_action/f.txt","offset":579,"end_offset":589,"params":[]}
],
"aliases":[],
"refs":[]
}
{
"version":1,
"rel_path":"common/landed_titles/f.txt",
"defs":[
{"name":"e_empire","kind":"title","file":"common/landed_titles/f.txt","offset":80,"end_offset":88,"params":[]},
{"name":"k_kingdom","kind":"title","file":"common/landed_titles/f.txt","offset":242,"end_offset":251,"params":[]},
{"name":"d_duchy","kind":"title","file":"common/landed_titles/f.txt","offset":343,"end_offset":350,"params":[]},
{"name":"c_shore","kind":"title","file":"common/landed_titles/f.txt","offset":358,"end_offset":365,"params":[]},
{"name":"b_port","kind":"title","file":"common/landed_titles/f.txt","offset":374,"end_offset":380,"params":[]},
{"name":"b_fort","kind":"title","file":"common/landed_titles/f.txt","offset":406,"end_offset":412,"params":[]},
{"name":"c_inland","kind":"title","file":"common/landed_titles/f.txt","offset":442,"end_offset":450,"params":[]},
{"name":"b_keep","kind":"title","file":"common/landed_titles/f.txt","offset":455,"end_offset":461,"params":[]},
{"name":"c_direct_county","kind":"title","file":"common/landed_titles/f.txt","offset":493,"end_offset":508,"params":[]},
{"name":"b_lone","kind":"title","file":"common/landed_titles/f.txt","offset":513,"end_offset":519,"params":[]},
{"name":"k_titular","kind":"title","file":"common/landed_titles/f.txt","offset":545,"end_offset":554,"params":[]},
{"name":"h_hegemony","kind":"title","file":"common/landed_titles/f.txt","offset":579,"end_offset":589,"params":[]}
],
"aliases":[],
"refs":[]
}
{
"version":1,
"rel_path":"events/f.txt",
"defs":[
{"name":"e_empire","kind":"event","file":"events/f.txt","offset":80,"end_offset":88,"params":[]},
{"name":"k_titular","kind":"event","file":"events/f.txt","offset":545,"end_offset":554,"params":[]},
{"name":"h_hegemony","kind":"event","file":"events/f.txt","offset":579,"end_offset":589,"params":[]}
],
"aliases":[],
"refs":[]
}
{
"version":1,
"rel_path":"history/characters/f.txt",
"defs":[
{"name":"e_empire","kind":"character","file":"history/characters/f.txt","offset":80,"end_offset":88,"params":[]},
{"name":"k_titular","kind":"character","file":"history/characters/f.txt","offset":545,"end_offset":554,"params":[]},
{"name":"h_hegemony","kind":"character","file":"history/characters/f.txt","offset":579,"end_offset":589,"params":[]}
],
"aliases":[],
"refs":[]
}
{
"version":1,
"rel_path":"gfx/f.txt",
"defs":[],
"aliases":[],
"refs":[]
}
