{
"version":1,
"rel_path":"common/scripted_triggers/f.txt",
"defs":[
{"name":"effect","kind":"scripted_trigger","file":"common/scripted_triggers/f.txt","offset":44,"end_offset":50,"params":["EDUCATION","TRAIT"]},
{"name":"events","kind":"scripted_trigger","file":"common/scripted_triggers/f.txt","offset":271,"end_offset":277,"params":[]},
{"name":"first_valid","kind":"scripted_trigger","file":"common/scripted_triggers/f.txt","offset":300,"end_offset":311,"params":[]},
{"name":"on_actions","kind":"scripted_trigger","file":"common/scripted_triggers/f.txt","offset":323,"end_offset":333,"params":[]},
{"name":"random_events","kind":"scripted_trigger","file":"common/scripted_triggers/f.txt","offset":355,"end_offset":368,"params":[]}
],
"aliases":[],
"refs":[
{"kind":"trait","name":"brave","file":"rust/crates/pdxl-parity/testdata/facts_refs.txt","start":68,"end":73,"loc":"rust/crates/pdxl-parity/testdata/facts_refs.txt:3:14"},
{"kind":"trait","name":"craven","file":"rust/crates/pdxl-parity/testdata/facts_refs.txt","start":90,"end":98,"loc":"rust/crates/pdxl-parity/testdata/facts_refs.txt:4:17"},
{"kind":"event","name":"ns.0001","file":"rust/crates/pdxl-parity/testdata/facts_refs.txt","start":218,"end":225,"loc":"rust/crates/pdxl-parity/testdata/facts_refs.txt:9:18"},
{"kind":"event","name":"ns.0002","file":"rust/crates/pdxl-parity/testdata/facts_refs.txt","start":250,"end":257,"loc":"rust/crates/pdxl-parity/testdata/facts_refs.txt:10:25"}
]
}
{
"version":1,
"rel_path":"common/scripted_effects/f.txt",
"defs":[
{"name":"effect","kind":"scripted_effect","file":"common/scripted_effects/f.txt","offset":44,"end_offset":50,"params":["EDUCATION","TRAIT"]},
{"name":"events","kind":"scripted_effect","file":"common/scripted_effects/f.txt","offset":271,"end_offset":277,"params":[]},
{"name":"first_valid","kind":"scripted_effect","file":"common/scripted_effects/f.txt","offset":300,"end_offset":311,"params":[]},
{"name":"on_actions","kind":"scripted_effect","file":"common/scripted_effects/f.txt","offset":323,"end_offset":333,"params":[]},
{"name":"random_events","kind":"scripted_effect","file":"common/scripted_effects/f.txt","offset":355,"end_offset":368,"params":[]}
],
"aliases":[],
"refs":[
{"kind":"trait","name":"brave","file":"rust/crates/pdxl-parity/testdata/facts_refs.txt","start":68,"end":73,"loc":"rust/crates/pdxl-parity/testdata/facts_refs.txt:3:14"},
{"kind":"trait","name":"craven","file":"rust/crates/pdxl-parity/testdata/facts_refs.txt","start":90,"end":98,"loc":"rust/crates/pdxl-parity/testdata/facts_refs.txt:4:17"},
{"kind":"event","name":"ns.0001","file":"rust/crates/pdxl-parity/testdata/facts_refs.txt","start":218,"end":225,"loc":"rust/crates/pdxl-parity/testdata/facts_refs.txt:9:18"},
{"kind":"event","name":"ns.0002","file":"rust/crates/pdxl-parity/testdata/facts_refs.txt","start":250,"end":257,"loc":"rust/crates/pdxl-parity/testdata/facts_refs.txt:10:25"}
]
}
{
"version":1,
"rel_path":"common/traits/f.txt",
"defs":[
{"name":"effect","kind":"trait","file":"common/traits/f.txt","offset":44,"end_offset":50,"params":["EDUCATION","TRAIT"]},
{"name":"events","kind":"trait","file":"common/traits/f.txt","offset":271,"end_offset":277,"params":[]},
{"name":"first_valid","kind":"trait","file":"common/traits/f.txt","offset":300,"end_offset":311,"params":[]},
{"name":"on_actions","kind":"trait","file":"common/traits/f.txt","offset":323,"end_offset":333,"params":[]},
{"name":"random_events","kind":"trait","file":"common/traits/f.txt","offset":355,"end_offset":368,"params":[]}
],
"aliases":[],
"refs":[
{"kind":"trait","name":"brave","file":"rust/crates/pdxl-parity/testdata/facts_refs.txt","start":68,"end":73,"loc":"rust/crates/pdxl-parity/testdata/facts_refs.txt:3:14"},
{"kind":"trait","name":"craven","file":"rust/crates/pdxl-parity/testdata/facts_refs.txt","start":90,"end":98,"loc":"rust/crates/pdxl-parity/testdata/facts_refs.txt:4:17"},
{"kind":"event","name":"ns.0001","file":"rust/crates/pdxl-parity/testdata/facts_refs.txt","start":218,"end":225,"loc":"rust/crates/pdxl-parity/testdata/facts_refs.txt:9:18"},
{"kind":"event","name":"ns.0002","file":"rust/crates/pdxl-parity/testdata/facts_refs.txt","start":250,"end":257,"loc":"rust/crates/pdxl-parity/testdata/facts_refs.txt:10:25"}
]
}
{
"version":1,
"rel_path":"common/decisions/f.txt",
"defs":[
{"name":"effect","kind":"decision","file":"common/decisions/f.txt","offset":44,"end_offset":50,"params":["EDUCATION","TRAIT"]},
{"name":"events","kind":"decision","file":"common/decisions/f.txt","offset":271,"end_offset":277,"params":[]},
{"name":"first_valid","kind":"decision","file":"common/decisions/f.txt","offset":300,"end_offset":311,"params":[]},
{"name":"on_actions","kind":"decision","file":"common/decisions/f.txt","offset":323,"end_offset":333,"params":[]},
{"name":"random_events","kind":"decision","file":"common/decisions/f.txt","offset":355,"end_offset":368,"params":[]}
],
"aliases":[],
"refs":[
{"kind":"trait","name":"brave","file":"rust/crates/pdxl-parity/testdata/facts_refs.txt","start":68,"end":73,"loc":"rust/crates/pdxl-parity/testdata/facts_refs.txt:3:14"},
{"kind":"trait","name":"craven","file":"rust/crates/pdxl-parity/testdata/facts_refs.txt","start":90,"end":98,"loc":"rust/crates/pdxl-parity/testdata/facts_refs.txt:4:17"},
{"kind":"event","name":"ns.0001","file":"rust/crates/pdxl-parity/testdata/facts_refs.txt","start":218,"end":225,"loc":"rust/crates/pdxl-parity/testdata/facts_refs.txt:9:18"},
{"kind":"event","name":"ns.0002","file":"rust/crates/pdxl-parity/testdata/facts_refs.txt","start":250,"end":257,"loc":"rust/crates/pdxl-parity/testdata/facts_refs.txt:10:25"}
]
}
{
"version":1,
"rel_path":"common/on_action/f.txt",
"defs":[
{"name":"effect","kind":"on_action","file":"common/on_action/f.txt","offset":44,"end_offset":50,"params":["EDUCATION","TRAIT"]},
{"name":"events","kind":"on_action","file":"common/on_action/f.txt","offset":271,"end_offset":277,"params":[]},
{"name":"first_valid","kind":"on_action","file":"common/on_action/f.txt","offset":300,"end_offset":311,"params":[]},
{"name":"on_actions","kind":"on_action","file":"common/on_action/f.txt","offset":323,"end_offset":333,"params":[]},
{"name":"random_events","kind":"on_action","file":"common/on_action/f.txt","offset":355,"end_offset":368,"params":[]}
],
"aliases":[],
"refs":[
{"kind":"trait","name":"brave","file":"rust/crates/pdxl-parity/testdata/facts_refs.txt","start":68,"end":73,"loc":"rust/crates/pdxl-parity/testdata/facts_refs.txt:3:14"},
{"kind":"trait","name":"craven","file":"rust/crates/pdxl-parity/testdata/facts_refs.txt","start":90,"end":98,"loc":"rust/crates/pdxl-parity/testdata/facts_refs.txt:4:17"},
{"kind":"event","name":"ns.0001","file":"rust/crates/pdxl-parity/testdata/facts_refs.txt","start":218,"end":225,"loc":"rust/crates/pdxl-parity/testdata/facts_refs.txt:9:18"},
{"kind":"event","name":"ns.0002","file":"rust/crates/pdxl-parity/testdata/facts_refs.txt","start":250,"end":257,"loc":"rust/crates/pdxl-parity/testdata/facts_refs.txt:10:25"},
{"kind":"event","name":"loose.1","file":"rust/crates/pdxl-parity/testdata/facts_refs.txt","start":282,"end":289,"loc":"rust/crates/pdxl-parity/testdata/facts_refs.txt:12:12"},
{"kind":"event","name":"loose.2","file":"rust/crates/pdxl-parity/testdata/facts_refs.txt","start":290,"end":297,"loc":"rust/crates/pdxl-parity/testdata/facts_refs.txt:12:20"},
{"kind":"event","name":"fv.1","file":"rust/crates/pdxl-parity/testdata/facts_refs.txt","start":316,"end":320,"loc":"rust/crates/pdxl-parity/testdata/facts_refs.txt:13:17"},
{"kind":"on_action","name":"chained_action","file":"rust/crates/pdxl-parity/testdata/facts_refs.txt","start":338,"end":352,"loc":"rust/crates/pdxl-parity/testdata/facts_refs.txt:14:16"},
{"kind":"event","name":"weighted.1","file":"rust/crates/pdxl-parity/testdata/facts_refs.txt","start":388,"end":398,"loc":"rust/crates/pdxl-parity/testdata/facts_refs.txt:17:7"},
{"kind":"event","name":"weighted.2","file":"rust/crates/pdxl-parity/testdata/facts_refs.txt","start":428,"end":438,"loc":"rust/crates/pdxl-parity/testdata/facts_refs.txt:19:7"}
]
}
{
"version":1,
"rel_path":"common/landed_titles/f.txt",
"defs":[],
"aliases":[],
"refs":[
{"kind":"trait","name":"brave","file":"rust/crates/pdxl-parity/testdata/facts_refs.txt","start":68,"end":73,"loc":"rust/crates/pdxl-parity/testdata/facts_refs.txt:3:14"},
{"kind":"trait","name":"craven","file":"rust/crates/pdxl-parity/testdata/facts_refs.txt","start":90,"end":98,"loc":"rust/crates/pdxl-parity/testdata/facts_refs.txt:4:17"},
{"kind":"event","name":"ns.0001","file":"rust/crates/pdxl-parity/testdata/facts_refs.txt","start":218,"end":225,"loc":"rust/crates/pdxl-parity/testdata/facts_refs.txt:9:18"},
{"kind":"event","name":"ns.0002","file":"rust/crates/pdxl-parity/testdata/facts_refs.txt","start":250,"end":257,"loc":"rust/crates/pdxl-parity/testdata/facts_refs.txt:10:25"}
]
}
{
"version":1,
"rel_path":"events/f.txt",
"defs":[
{"name":"effect","kind":"event","file":"events/f.txt","offset":44,"end_offset":50,"params":["EDUCATION","TRAIT"]},
{"name":"events","kind":"event","file":"events/f.txt","offset":271,"end_offset":277,"params":[]},
{"name":"first_valid","kind":"event","file":"events/f.txt","offset":300,"end_offset":311,"params":[]},
{"name":"on_actions","kind":"event","file":"events/f.txt","offset":323,"end_offset":333,"params":[]},
{"name":"random_events","kind":"event","file":"events/f.txt","offset":355,"end_offset":368,"params":[]}
],
"aliases":[],
"refs":[
{"kind":"trait","name":"brave","file":"rust/crates/pdxl-parity/testdata/facts_refs.txt","start":68,"end":73,"loc":"rust/crates/pdxl-parity/testdata/facts_refs.txt:3:14"},
{"kind":"trait","name":"craven","file":"rust/crates/pdxl-parity/testdata/facts_refs.txt","start":90,"end":98,"loc":"rust/crates/pdxl-parity/testdata/facts_refs.txt:4:17"},
{"kind":"event","name":"ns.0001","file":"rust/crates/pdxl-parity/testdata/facts_refs.txt","start":218,"end":225,"loc":"rust/crates/pdxl-parity/testdata/facts_refs.txt:9:18"},
{"kind":"event","name":"ns.0002","file":"rust/crates/pdxl-parity/testdata/facts_refs.txt","start":250,"end":257,"loc":"rust/crates/pdxl-parity/testdata/facts_refs.txt:10:25"}
]
}
{
"version":1,
"rel_path":"history/characters/f.txt",
"defs":[
{"name":"effect","kind":"character","file":"history/characters/f.txt","offset":44,"end_offset":50,"params":["EDUCATION","TRAIT"]},
{"name":"events","kind":"character","file":"history/characters/f.txt","offset":271,"end_offset":277,"params":[]},
{"name":"first_valid","kind":"character","file":"history/characters/f.txt","offset":300,"end_offset":311,"params":[]},
{"name":"on_actions","kind":"character","file":"history/characters/f.txt","offset":323,"end_offset":333,"params":[]},
{"name":"random_events","kind":"character","file":"history/characters/f.txt","offset":355,"end_offset":368,"params":[]}
],
"aliases":[],
"refs":[
{"kind":"trait","name":"brave","file":"rust/crates/pdxl-parity/testdata/facts_refs.txt","start":68,"end":73,"loc":"rust/crates/pdxl-parity/testdata/facts_refs.txt:3:14"},
{"kind":"trait","name":"craven","file":"rust/crates/pdxl-parity/testdata/facts_refs.txt","start":90,"end":98,"loc":"rust/crates/pdxl-parity/testdata/facts_refs.txt:4:17"},
{"kind":"event","name":"ns.0001","file":"rust/crates/pdxl-parity/testdata/facts_refs.txt","start":218,"end":225,"loc":"rust/crates/pdxl-parity/testdata/facts_refs.txt:9:18"},
{"kind":"event","name":"ns.0002","file":"rust/crates/pdxl-parity/testdata/facts_refs.txt","start":250,"end":257,"loc":"rust/crates/pdxl-parity/testdata/facts_refs.txt:10:25"}
]
}
{
"version":1,
"rel_path":"gfx/f.txt",
"defs":[],
"aliases":[],
"refs":[
{"kind":"trait","name":"brave","file":"rust/crates/pdxl-parity/testdata/facts_refs.txt","start":68,"end":73,"loc":"rust/crates/pdxl-parity/testdata/facts_refs.txt:3:14"},
{"kind":"trait","name":"craven","file":"rust/crates/pdxl-parity/testdata/facts_refs.txt","start":90,"end":98,"loc":"rust/crates/pdxl-parity/testdata/facts_refs.txt:4:17"},
{"kind":"event","name":"ns.0001","file":"rust/crates/pdxl-parity/testdata/facts_refs.txt","start":218,"end":225,"loc":"rust/crates/pdxl-parity/testdata/facts_refs.txt:9:18"},
{"kind":"event","name":"ns.0002","file":"rust/crates/pdxl-parity/testdata/facts_refs.txt","start":250,"end":257,"loc":"rust/crates/pdxl-parity/testdata/facts_refs.txt:10:25"}
]
}
