cci_compagna_consilium = {
  type = international_organization
  potential = {
    international_organization_type = international_organization_type:compagna_communis_ianuensis
  }
  locked = {
    parliament_type = parliament_type:cci_compagna_consilium
  }
  modifier = {
    has_international_parliament = yes
    uses_parliament_for_law_votes = yes
    forbid_multiple_policies_vote = yes
    cci_superba_can_participate_in_parliament = yes
    cci_ghazaria_can_participate_in_parliament = no
    cci_state_bank_can_participate_in_parliament = no
    cci_maona_can_participate_in_parliament = no
  }
}
